******************************************************************************
                  TI ARM Linker PC v19.6.0                     
******************************************************************************
>> Linked Wed Apr 22 17:16:10 2020

OUTPUT FILE NAME:   <Lab5.2.out>
ENTRY POINT SYMBOL: "_c_int00_noargs"  address: 0001b4d9


MEMORY CONFIGURATION

         name            origin    length      used     unused   attr    fill
----------------------  --------  ---------  --------  --------  ----  --------
  MAIN                  00000000   00040000  0001c5d0  00023a30  R  X
  INFO                  00200000   00004000  00000000  00004000  R  X
  SRAM_CODE             01000000   00010000  0000d2ae  00002d52  RW X
  SRAM_DATA             20000000   00010000  0000d2ae  00002d52  RW  


SEGMENT ALLOCATION MAP

run origin  load origin   length   init length attrs members
----------  ----------- ---------- ----------- ----- -------
00000000    00000000    0001c5d8   0001c5d8    r-x
  00000000    00000000    000000e4   000000e4    r-- .intvecs
  000000e4    000000e4    0001ba8e   0001ba8e    r-x .text
  0001bb74    0001bb74    000009de   000009de    r-- .const
  0001c558    0001c558    00000080   00000080    r-- .cinit
20000000    20000000    0000d0b0   00000000    rw-
  20000000    20000000    0000cc22   00000000    rw- .bss
  2000cc24    2000cc24    0000048c   00000000    rw- .data
2000fe00    2000fe00    00000200   00000000    rw-
  2000fe00    2000fe00    00000200   00000000    rw- .stack


SECTION ALLOCATION MAP

 output                                  attributes/
section   page    origin      length       input sections
--------  ----  ----------  ----------   ----------------
.intvecs   0    00000000    000000e4     
                  00000000    000000e4     startup_msp432p401r_ccs.obj (.intvecs:retain)

.text      0    000000e4    0001ba8e     
                  000000e4    0000d5e0     bmi160.obj (.text)
                  0000d6c4    00002024     driver.obj (.text)
                  0000f6e8    00001810     bme280.obj (.text)
                  00010ef8    00001384     Game.obj (.text)
                  0001227c    00000ed4     socket.obj (.text)
                  00013150    00000c28     bmi160_support.obj (.text)
                  00013d78    00000b44     netapp.obj (.text)
                  000148bc    00000ac0     wlan.obj (.text)
                  0001537c    00000a4e     rtsv7M4_T_le_v4SPD16_eabi.lib : _printfi.c.obj (.text:__TI_printfi)
                  00015dca    00000002                                   : _lock.c.obj (.text:_nop)
                  00015dcc    000006f4     G8RTOS_Scheduler.obj (.text)
                  000164c0    00000690     cc3100_usage.obj (.text)
                  00016b50    00000648     LCDLib.obj (.text)
                  00017198    000005b4     device.obj (.text)
                  0001774c    00000360     i2c_driver.obj (.text)
                  00017aac    00000350     board.obj (.text)
                  00017dfc    00000334     system_msp432p401r.obj (.text)
                  00018130    000002f8     BackChannelUart.obj (.text)
                  00018428    000002e0     bme280_support.obj (.text)
                  00018708    00000270     rtsv7M4_T_le_v4SPD16_eabi.lib : _printfi.c.obj (.text:_pconv_a)
                  00018978    00000234     tmp007.obj (.text)
                  00018bac    00000210     spi_cc3100.obj (.text)
                  00018dbc    000001d0     rtsv7M4_T_le_v4SPD16_eabi.lib : _printfi.c.obj (.text:_pconv_g)
                  00018f8c    000001b6                                   : fd_add_t2.asm.obj (.text)
                  00019142    000001a0     msp432p4xx_driverlib.lib : pcm.o (.text:__PCM_setPowerStateAdvanced)
                  000192e2    00000002     rtsv7M4_T_le_v4SPD16_eabi.lib : div0.asm.obj (.text)
                  000192e4    00000178     Joystick.obj (.text)
                  0001945c    00000154     RGBLeds.obj (.text)
                  000195b0    0000013c     rtsv7M4_T_le_v4SPD16_eabi.lib : _printfi.c.obj (.text:_pconv_e)
                  000196ec    00000136                                   : fd_div_t2.asm.obj (.text)
                  00019822    00000002     --HOLE-- [fill = 0]
                  00019824    00000130     nonos.obj (.text)
                  00019954    00000124     rtsv7M4_T_le_v4SPD16_eabi.lib : _printfi.c.obj (.text:fcvt)
                  00019a78    00000110     netcfg.obj (.text)
                  00019b88    00000110     rtsv7M4_T_le_v4SPD16_eabi.lib : s_scalbn.c.obj (.text:scalbn)
                  00019c98    00000104     msp432p4xx_driverlib.lib : cs.o (.text:CS_getDCOFrequency)
                  00019d9c    000000fe     opt3001.obj (.text)
                  00019e9a    000000fc     rtsv7M4_T_le_v4SPD16_eabi.lib : fd_mul_t2.asm.obj (.text)
                  00019f96    00000002     --HOLE-- [fill = 0]
                  00019f98    000000e0     msp432p4xx_driverlib.lib : cs.o (.text:CS_initClockSignal)
                  0001a078    000000dc                              : pcm.o (.text:__PCM_setPowerModeAdvanced)
                  0001a154    000000b1     rtsv7M4_T_le_v4SPD16_eabi.lib : _printfi.c.obj (.text:_ltostr)
                  0001a205    00000003     --HOLE-- [fill = 0]
                  0001a208    000000b0     msp432p4xx_driverlib.lib : pcm.o (.text:__PCM_setCoreVoltageLevelAdvanced)
                  0001a2b8    000000a4     LCDLib.obj (.text:PutChar)
                  0001a35c    0000009c     msp432p4xx_driverlib.lib : cs.o (.text:CS_startHFXTWithTimeout)
                  0001a3f8    0000009c                              : cs.o (.text:_CSComputeCLKFrequency)
                  0001a494    0000009c     rtsv7M4_T_le_v4SPD16_eabi.lib : memcpy_t2.asm.obj (.text)
                  0001a530    00000098     G8RTOS_Semaphores.obj (.text)
                  0001a5c8    00000096     rtsv7M4_T_le_v4SPD16_eabi.lib : ull_div_t2.asm.obj (.text)
                  0001a65e    00000002     --HOLE-- [fill = 0]
                  0001a660    00000094     msp432p4xx_driverlib.lib : uart.o (.text:UART_initModule)
                  0001a6f4    00000088                              : spi.o (.text:SPI_initMaster)
                  0001a77c    00000086     rtsv7M4_T_le_v4SPD16_eabi.lib : fd_cmp_t2.asm.obj (.text:__aeabi_cdcmple)
                  0001a802    00000086                                   : fd_cmp_t2.asm.obj (.text:__aeabi_cdrcmple)
                  0001a888    00000084     ClockSys.obj (.text)
                  0001a90c    00000080     flowcont.obj (.text)
                  0001a98c    0000007c     msp432p4xx_driverlib.lib : pcm.o (.text:PCM_gotoLPM3)
                  0001aa08    0000007a     rtsv7M4_T_le_v4SPD16_eabi.lib : memset_t2.asm.obj (.text)
                  0001aa82    00000002     --HOLE-- [fill = 0]
                  0001aa84    00000070     msp432p4xx_driverlib.lib : cs.o (.text:_CSGetHFXTFrequency)
                  0001aaf4    0000006e     rtsv7M4_T_le_v4SPD16_eabi.lib : _printfi.c.obj (.text:_mcpy)
                  0001ab62    0000006e                                   : ll_div_t2.asm.obj (.text)
                  0001abd0    00000068                                   : copy_decompress_lzss.c.obj (.text:decompress:lzss:__TI_decompress_lzss)
                  0001ac38    00000064     msp432p4xx_driverlib.lib : interrupt.o (.text:Interrupt_disableInterrupt)
                  0001ac9c    00000064                              : interrupt.o (.text:Interrupt_enableInterrupt)
                  0001ad00    00000064     rtsv7M4_T_le_v4SPD16_eabi.lib : s_frexp.c.obj (.text:frexp)
                  0001ad64    00000060     LCDLib.obj (.text:LCD_newReadData)
                  0001adc4    00000058     G8RTOS_SchedulerASM.obj (.text)
                  0001ae1c    00000056     rtsv7M4_T_le_v4SPD16_eabi.lib : _printfi.c.obj (.text:_pconv_f)
                  0001ae72    00000054                                   : _ltoa.c.obj (.text:__TI_ltoa)
                  0001aec6    00000052                                   : _printfi.c.obj (.text:_ecpy)
                  0001af18    00000050     msp432p4xx_driverlib.lib : pcm.o (.text:PCM_shutdownDevice)
                  0001af68    00000050                              : sysctl.o (.text:SysCtl_getTLVInfo)
                  0001afb8    0000004c                              : gpio.o (.text:GPIO_setAsPeripheralModuleFunctionOutputPin)
                  0001b004    0000004c                              : cs.o (.text:_CSGetDOCFrequency)
                  0001b050    0000004c     rtsv7M4_T_le_v4SPD16_eabi.lib : atoi.c.obj (.text:atoi)
                  0001b09c    0000004c                                   : snprintf.c.obj (.text:snprintf)
                  0001b0e8    00000048     msp432p4xx_driverlib.lib : gpio.o (.text:GPIO_setAsPeripheralModuleFunctionInputPin)
                  0001b130    00000048     rtsv7M4_T_le_v4SPD16_eabi.lib : hosttime.c.obj (.text:HOSTtime)
                  0001b178    00000048     msp432p4xx_driverlib.lib : cs.o (.text:_CSGetDividerValue)
                  0001b1c0    00000048     main.obj (.text)
                  0001b208    00000048     rtsv7M4_T_le_v4SPD16_eabi.lib : fd_toi_t2.asm.obj (.text)
                  0001b250    00000044     AsciiLib.obj (.text)
                  0001b294    00000044     rtsv7M4_T_le_v4SPD16_eabi.lib : autoinit.c.obj (.text:__TI_auto_init_nobinit_nopinit:__TI_auto_init_nobinit_nopinit)
                  0001b2d8    00000040     LCDLib.obj (.text:LCD_WriteData)
                  0001b318    0000003e     msp432p4xx_driverlib.lib : i2c.o (.text:I2C_initMaster)
                  0001b356    0000003e     rtsv7M4_T_le_v4SPD16_eabi.lib : _printfi.c.obj (.text:_fcpy)
                  0001b394    00000038     msp432p4xx_driverlib.lib : i2c.o (.text:I2C_masterSendMultiByteStart)
                  0001b3cc    00000038     LCDLib.obj (.text:SPISendRecvByte)
                  0001b404    00000038     rtsv7M4_T_le_v4SPD16_eabi.lib : trgmsg.c.obj (.text:__TI_writemsg)
                  0001b43c    00000034     BSP.obj (.text)
                  0001b470    00000034     LCDLib.obj (.text:LCD_WriteIndex)
                  0001b4a4    00000034     rtsv7M4_T_le_v4SPD16_eabi.lib : trgmsg.c.obj (.text:__TI_readmsg)
                  0001b4d8    00000034                                   : boot_cortex_m.c.obj (.text:_c_int00_noargs:_c_int00_noargs)
                  0001b50c    00000034                                   : rand.c.obj (.text:rand)
                  0001b540    00000030     msp432p4xx_driverlib.lib : i2c.o (.text:I2C_masterSendMultiByteStop)
                  0001b570    00000030     rtsv7M4_T_le_v4SPD16_eabi.lib : snprintf.c.obj (.text:_outs)
                  0001b5a0    00000030     msp432p4xx_driverlib.lib : spi.o (.text:is_A_Module)
                  0001b5d0    0000002e     rtsv7M4_T_le_v4SPD16_eabi.lib : i_tofd_t2.asm.obj (.text)
                  0001b5fe    0000002c     msp432p4xx_driverlib.lib : pcm.o (.text:PCM_getCoreVoltageLevel)
                  0001b62a    0000002a                              : pcm.o (.text:PCM_getPowerMode)
                  0001b654    00000028                              : flash.o (.text:FlashCtl_setWaitState)
                  0001b67c    00000028                              : pcm.o (.text:PCM_gotoLPM0)
                  0001b6a4    00000026     demo_sysctl.obj (.text)
                  0001b6ca    00000002     --HOLE-- [fill = 0]
                  0001b6cc    00000024     msp432p4xx_driverlib.lib : cs.o (.text:CS_clearInterruptFlag)
                  0001b6f0    00000024                              : cs.o (.text:CS_setDCOCenteredFrequency)
                  0001b714    00000024                              : i2c.o (.text:I2C_masterSendMultiByteNext)
                  0001b738    00000024                              : interrupt.o (.text:Interrupt_setPriority)
                  0001b75c    00000024                              : rtc_c.o (.text:RTC_C_holdClock)
                  0001b780    00000024                              : uart.o (.text:UART_transmitData)
                  0001b7a4    00000024     rtsv7M4_T_le_v4SPD16_eabi.lib : rand.c.obj (.text:srand)
                  0001b7c8    00000020     LCDLib.obj (.text:LCD_SetCursor)
                  0001b7e8    00000020     LCDLib.obj (.text:LCD_Write_Data_Only)
                  0001b808    00000020     msp432p4xx_driverlib.lib : spi.o (.text:SPI_enableInterrupt)
                  0001b828    00000020                              : spi.o (.text:SPI_transmitData)
                  0001b848    0000001c     LCDLib.obj (.text:LCD_WriteReg)
                  0001b864    0000001c     rtsv7M4_T_le_v4SPD16_eabi.lib : memccpy.c.obj (.text:memccpy)
                  0001b880    0000001a     msp432p4xx_driverlib.lib : spi.o (.text:SPI_enableModule)
                  0001b89a    0000001a                              : spi.o (.text:SPI_receiveData)
                  0001b8b4    0000001a     rtsv7M4_T_le_v4SPD16_eabi.lib : s_copysign.c.obj (.text:copysign)
                  0001b8ce    00000002     --HOLE-- [fill = 0]
                  0001b8d0    00000018     msp432p4xx_driverlib.lib : cs.o (.text:CS_getMCLK)
                  0001b8e8    00000018                              : cs.o (.text:CS_getSMCLK)
                  0001b900    00000018                              : wdt_a.o (.text:WDT_A_clearTimer)
                  0001b918    00000018                              : wdt_a.o (.text:WDT_A_holdTimer)
                  0001b930    00000018     rtsv7M4_T_le_v4SPD16_eabi.lib : snprintf.c.obj (.text:_outc)
                  0001b948    00000018                                   : ll_mul_t2.asm.obj (.text)
                  0001b960    00000016                                   : strchr.c.obj (.text:strchr)
                  0001b976    00000002     --HOLE-- [fill = 0]
                  0001b978    00000014     msp432p4xx_driverlib.lib : cs.o (.text:CS_setExternalClockSourceFrequency)
                  0001b98c    00000014                              : i2c.o (.text:I2C_isBusBusy)
                  0001b9a0    00000014                              : systick.o (.text:SysTick_enableInterrupt)
                  0001b9b4    00000014     rtsv7M4_T_le_v4SPD16_eabi.lib : strlen.c.obj (.text:strlen)
                  0001b9c8    00000012                                   : wcslen.c.obj (.text:wcslen)
                  0001b9da    00000010     msp432p4xx_driverlib.lib : i2c.o (.text:I2C_masterReceiveStart)
                  0001b9ea    00000010                              : interrupt.o (.text:Interrupt_enableMaster)
                  0001b9fa    00000010                              : pcm.o (.text:PCM_gotoLPM4)
                  0001ba0a    00000002     --HOLE-- [fill = 0]
                  0001ba0c    00000010                              : sysctl.o (.text:SysCtl_disableNMISource)
                  0001ba1c    00000010                              : sysctl.o (.text:SysCtl_enableNMISource)
                  0001ba2c    0000000e     G8RTOS_CriticalSection.obj (.text)
                  0001ba3a    0000000e     msp432p4xx_driverlib.lib : i2c.o (.text:I2C_clearInterruptFlag)
                  0001ba48    0000000e                              : i2c.o (.text:I2C_disableInterrupt)
                  0001ba56    0000000e     rtsv7M4_T_le_v4SPD16_eabi.lib : time.c.obj (.text:__time32)
                  0001ba64    0000000e                                   : copy_decompress_none.c.obj (.text:decompress:none:__TI_decompress_none)
                  0001ba72    0000000e     startup_msp432p401r_ccs.obj (.text)
                  0001ba80    0000000c     msp432p4xx_driverlib.lib : cpu.o (.text:CPU_cpsie)
                  0001ba8c    0000000c                              : spi.o (.text:EUSCI_A_SPI_enable)
                  0001ba98    0000000c                              : spi.o (.text:EUSCI_B_SPI_enable)
                  0001baa4    0000000c                              : i2c.o (.text:I2C_disableModule)
                  0001bab0    0000000c                              : i2c.o (.text:I2C_enableModule)
                  0001babc    0000000c                              : pcm.o (.text:PCM_getPowerState)
                  0001bac8    0000000c                              : sysctl.o (.text:SysCtl_getNMISourceStatus)
                  0001bad4    0000000c                              : uart.o (.text:UART_enableModule)
                  0001bae0    0000000c     rtsv7M4_T_le_v4SPD16_eabi.lib : copy_zero_init.c.obj (.text:decompress:ZI:__TI_zero_init)
                  0001baec    0000000a     LCDLib.obj (.text:LCD_Write_Data_Start)
                  0001baf6    00000008     msp432p4xx_driverlib.lib : spi.o (.text:EUSCI_A_SPI_enableInterrupt)
                  0001bafe    00000008                              : spi.o (.text:EUSCI_B_SPI_enableInterrupt)
                  0001bb06    00000008                              : i2c.o (.text:I2C_enableInterrupt)
                  0001bb0e    00000008                              : pcm.o (.text:PCM_setCoreVoltageLevel)
                  0001bb16    00000008                              : pcm.o (.text:PCM_setPowerMode)
                  0001bb1e    00000008                              : pcm.o (.text:PCM_setPowerState)
                  0001bb26    00000002     --HOLE-- [fill = 0]
                  0001bb28    00000008     rtsv7M4_T_le_v4SPD16_eabi.lib : errno.c.obj (.text:__aeabi_errno_addr)
                  0001bb30    00000006     msp432p4xx_driverlib.lib : cs.o (.text:CS_startHFXT)
                  0001bb36    00000006                              : spi.o (.text:EUSCI_A_SPI_receiveData)
                  0001bb3c    00000006                              : spi.o (.text:EUSCI_B_SPI_receiveData)
                  0001bb42    00000006                              : i2c.o (.text:I2C_getEnabledInterruptStatus)
                  0001bb48    00000006                              : i2c.o (.text:I2C_getInterruptStatus)
                  0001bb4e    00000006                              : i2c.o (.text:I2C_masterReceiveMultiByteNext)
                  0001bb54    00000006     demo_sysctl.obj (.text:SysCtlDelay)
                  0001bb5a    00000004     msp432p4xx_driverlib.lib : cpu.o (.text:CPU_wfi)
                  0001bb5e    00000004                              : spi.o (.text:EUSCI_A_SPI_transmitData)
                  0001bb62    00000004                              : spi.o (.text:EUSCI_B_SPI_transmitData)
                  0001bb66    00000004                              : i2c.o (.text:I2C_setSlaveAddress)
                  0001bb6a    00000004     rtsv7M4_T_le_v4SPD16_eabi.lib : pre_init.c.obj (.text:_system_pre_init)
                  0001bb6e    00000004                                   : exit.c.obj (.text:abort:abort)

.const     0    0001bb74    000009de     
                  0001bb74    000005f0     AsciiLib.obj (.const:AsciiLib)
                  0001c164    00000101     rtsv7M4_T_le_v4SPD16_eabi.lib : ctype.c.obj (.const:.string:_ctypes_)
                  0001c265    00000003     bmi160.obj (.const:.string:INVALID_OFFSET)
                  0001c268    000000b0     wlan.obj (.const:$P$T0$1)
                  0001c318    00000050     msp432p4xx_driverlib.lib : interrupt.o (.const:g_pulRegs)
                  0001c368    00000040                              : interrupt.o (.const)
                  0001c3a8    00000038     driver.obj (.const:_SlActionLookupTable)
                  0001c3e0    0000002c     cc3100_usage.obj (.const:$P$T0$1)
                  0001c40c    00000024     BackChannelUart.obj (.const:backChannelUart115200Config)
                  0001c430    0000001c     LCDLib.obj (.const:$P$T0$1)
                  0001c44c    00000014     cc3100_usage.obj (.const:$P$T1$2)
                  0001c460    0000000c     cc3100_usage.obj (.const:$P$T2$3)
                  0001c46c    0000000c     bmi160.obj (.const:yas532_version_ac_coef)
                  0001c478    00000008     driver.obj (.const:g_H2NCnysPattern)
                  0001c480    00000008     driver.obj (.const:g_H2NSyncPattern)
                  0001c488    00000008     bmi160.obj (.const:v_calib_data$2)
                  0001c490    00000005     bme280_support.obj (.const:.string:$P$T0$1)
                  0001c495    00000005     bmi160.obj (.const:.string:v_correct_u8$1)
                  0001c49a    00000004     driver.obj (.const:$P$T0$1)
                  0001c49e    00000004     netapp.obj (.const:$P$T0$1)
                  0001c4a2    00000004     socket.obj (.const:$P$T0$1)
                  0001c4a6    00000004     socket.obj (.const:$P$T1$2)
                  0001c4aa    00000004     wlan.obj (.const:$P$T1$2)
                  0001c4ae    00000004     socket.obj (.const:$P$T2$3)
                  0001c4b2    00000004     wlan.obj (.const:$P$T2$3)
                  0001c4b6    00000004     wlan.obj (.const:$P$T3$4)
                  0001c4ba    00000004     socket.obj (.const:_SlAcceptCmdCtrl)
                  0001c4be    00000004     device.obj (.const:_SlDeviceGetCmdCtrl)
                  0001c4c2    00000004     device.obj (.const:_SlDeviceSetCmdCtrl)
                  0001c4c6    00000004     device.obj (.const:_SlEventMaskGetCmdCtrl)
                  0001c4ca    00000004     device.obj (.const:_SlEventMaskSetCmdCtrl)
                  0001c4ce    00000004     netapp.obj (.const:_SlGetHostByNameCtrl)
                  0001c4d2    00000004     netapp.obj (.const:_SlGetHostByServiceCtrl)
                  0001c4d6    00000004     netapp.obj (.const:_SlGetServiceListeCtrl)
                  0001c4da    00000004     socket.obj (.const:_SlGetSockOptCmdCtrl)
                  0001c4de    00000004     socket.obj (.const:_SlListenCmdCtrl)
                  0001c4e2    00000004     netapp.obj (.const:_SlNetAppGetCmdCtrl)
                  0001c4e6    00000004     netapp.obj (.const:_SlNetAppSendTokenValueCmdCtrl)
                  0001c4ea    00000004     netapp.obj (.const:_SlNetAppSetCmdCtrl)
                  0001c4ee    00000004     netapp.obj (.const:_SlNetAppStartCtrl)
                  0001c4f2    00000004     netapp.obj (.const:_SlNetAppStopCtrl)
                  0001c4f6    00000004     netcfg.obj (.const:_SlNetCfgGetCmdCtrl)
                  0001c4fa    00000004     netcfg.obj (.const:_SlNetCfgSetCmdCtrl)
                  0001c4fe    00000004     wlan.obj (.const:_SlPolicyGetCmdCtrl)
                  0001c502    00000004     wlan.obj (.const:_SlPolicySetCmdCtrl)
                  0001c506    00000004     wlan.obj (.const:_SlProfileDelCmdCtrl)
                  0001c50a    00000004     wlan.obj (.const:_SlProfileGetCmdCtrl)
                  0001c50e    00000004     socket.obj (.const:_SlRecvCmdCtrl)
                  0001c512    00000004     socket.obj (.const:_SlRecvfomCmdCtrl)
                  0001c516    00000004     netapp.obj (.const:_SlRegisterServiceCtrl)
                  0001c51a    00000004     wlan.obj (.const:_SlRxFilterAddtCmdCtrl)
                  0001c51e    00000004     wlan.obj (.const:_SlRxFilterGetCmdCtrl)
                  0001c522    00000004     wlan.obj (.const:_SlRxFilterSetCmdCtrl)
                  0001c526    00000004     socket.obj (.const:_SlSelectCmdCtrl)
                  0001c52a    00000004     socket.obj (.const:_SlSendCmdCtrl)
                  0001c52e    00000004     socket.obj (.const:_SlSetSockOptCmdCtrl)
                  0001c532    00000004     wlan.obj (.const:_SlSmartConfigStartCmdCtrl)
                  0001c536    00000004     socket.obj (.const:_SlSockCloseCmdCtrl)
                  0001c53a    00000004     socket.obj (.const:_SlSockSocketCmdCtrl)
                  0001c53e    00000004     device.obj (.const:_SlStopCmdCtrl)
                  0001c542    00000004     wlan.obj (.const:_SlWlanCfgGetCmdCtrl)
                  0001c546    00000004     wlan.obj (.const:_SlWlanCfgSetCmdCtrl)
                  0001c54a    00000004     wlan.obj (.const:_SlWlanGetNetworkListCtrl)
                  0001c54e    00000004     wlan.obj (.const:_SlWlanSetModeCmdCtrl)

.cinit     0    0001c558    00000080     
                  0001c558    00000057     (.cinit..data.load) [load image, compression = lzss]
                  0001c5af    00000001     --HOLE-- [fill = 0]
                  0001c5b0    0000000c     (__TI_handler_table)
                  0001c5bc    00000004     --HOLE-- [fill = 0]
                  0001c5c0    00000008     (.cinit..bss.load) [load image, compression = zero_init]
                  0001c5c8    00000010     (__TI_cinit_table)

.init_array 
*          0    00000000    00000000     UNINITIALIZED

.binit     0    00000000    00000000     

.bss       0    20000000    0000cc22     UNINITIALIZED
                  20000000    0000b800     G8RTOS_Scheduler.obj (.bss:threadStacks)
                  2000b800    000003f4     G8RTOS_Scheduler.obj (.bss:threadControlBlocks)
                  2000bbf4    0000036c     (.common:accel_fifo)
                  2000bf60    0000036c     (.common:gyro_fifo)
                  2000c2cc    0000036c     (.common:mag_fifo)
                  2000c638    00000164     (.common:g_StatMem)
                  2000c79c    00000120     rtsv7M4_T_le_v4SPD16_eabi.lib : trgmsg.c.obj (.bss:_CIOBUF_)
                  2000c8bc    00000100     BackChannelUart.obj (.bss:backChannelStringBuff)
                  2000c9bc    00000090     G8RTOS_Scheduler.obj (.bss:Pthread)
                  2000ca4c    00000074     (.common:Game)
                  2000cac0    00000070     bmi160.obj (.bss:yas532_data)
                  2000cb30    0000003c     (.common:bme280)
                  2000cb6c    00000028     (.common:g__SlNonOsCB)
                  2000cb94    00000014     (.common:s_bmi160)
                  2000cba8    00000010     bmi160.obj (.bss:mag_trim)
                  2000cbb8    0000000a     G8RTOS_Scheduler.obj (.bss)
                  2000cbc2    0000000a     (.common:Self)
                  2000cbcc    00000008     (.common:parmbuf)
                  2000cbd4    00000006     (.common:accelxyz)
                  2000cbda    00000006     (.common:gyroxyz)
                  2000cbe0    00000004     bme280.obj (.bss)
                  2000cbe4    00000004     bmi160.obj (.bss)
                  2000cbe8    00000004     tmp007.obj (.bss:buf)
                  2000cbec    00000004     cc3100_usage.obj (.bss)
                  2000cbf0    00000004     (.common:ButtonFunction)
                  2000cbf4    00000004     (.common:CurrentlyRunningThread)
                  2000cbf8    00000004     (.common:LcdSemaphore)
                  2000cbfc    00000004     (.common:LedSemaphore)
                  2000cc00    00000004     (.common:SystemTime)
                  2000cc04    00000004     (.common:UdpSemaphore)
                  2000cc08    00000004     (.common:g_ui32ByteCount)
                  2000cc0c    00000004     (.common:hfxtFreq)
                  2000cc10    00000004     (.common:lfxtFreq)
                  2000cc14    00000004     (.common:pData)
                  2000cc18    00000003     bmi160.obj (.bss:akm_asa_data)
                  2000cc1b    00000001     (.common:GameOver)
                  2000cc1c    00000002     tmp007.obj (.bss)
                  2000cc1e    00000001     (.common:IntIsMasked)
                  2000cc1f    00000001     (.common:ReadyFlag)
                  2000cc20    00000001     (.common:ui8DummyRead)
                  2000cc21    00000001     (.common:ui8Status)

.data      0    2000cc24    0000048c     UNINITIALIZED
                  2000cc24    00000400     bmi160.obj (.data:v_fifo_data_u8)
                  2000d024    00000030     msp432p4xx_driverlib.lib : gpio.o (.data:GPIO_PORT_TO_BASE)
                  2000d054    00000014     cc3100_usage.obj (.data)
                  2000d068    00000014     i2c_driver.obj (.data:i2cConfig)
                  2000d07c    00000009     driver.obj (.data)
                  2000d085    00000001     i2c_driver.obj (.data)
                  2000d086    00000002     --HOLE--
                  2000d088    00000008     rtsv7M4_T_le_v4SPD16_eabi.lib : _lock.c.obj (.data:$O1$$)
                  2000d090    00000008     bmi160.obj (.data)
                  2000d098    00000006     main.obj (.data:tName)
                  2000d09e    00000002     --HOLE--
                  2000d0a0    00000004     board.obj (.data)
                  2000d0a4    00000004     rtsv7M4_T_le_v4SPD16_eabi.lib : errno.c.obj (.data)
                  2000d0a8    00000004                                   : rand.c.obj (.data)
                  2000d0ac    00000004     system_msp432p401r.obj (.data)

.stack     0    2000fe00    00000200     UNINITIALIZED
                  2000fe00    00000004     rtsv7M4_T_le_v4SPD16_eabi.lib : boot_cortex_m.c.obj (.stack)
                  2000fe04    000001fc     --HOLE--

__llvm_prf_cnts 
*          0    20000000    00000000     UNINITIALIZED

MODULE SUMMARY

       Module                        code     ro data   rw data
       ------                        ----     -------   -------
    .\
       system_msp432p401r.obj        820      0         8      
       startup_msp432p401r_ccs.obj   14       228       0      
    +--+-----------------------------+--------+---------+---------+
       Total:                        834      228       8      
                                                               
    .\BoardSupportPackage\src\
       bmi160.obj                    54752    28        7590   
       bme280.obj                    6160     0         8      
       bmi160_support.obj            3112     0         64     
       LCDLib.obj                    2142     28        0      
       AsciiLib.obj                  68       1520      0      
       BackChannelUart.obj           760      36        512    
       i2c_driver.obj                864      0         62     
       bme280_support.obj            736      5         120    
       tmp007.obj                    564      0         12     
       Joystick.obj                  376      0         8      
       RGBLeds.obj                   340      0         0      
       opt3001.obj                   254      0         0      
       ClockSys.obj                  132      0         0      
       BSP.obj                       52       0         0      
       demo_sysctl.obj               44       0         0      
    +--+-----------------------------+--------+---------+---------+
       Total:                        70356    1617      8376   
                                                               
    .\CC3100SupportPackage\board\
       board.obj                     848      0         10     
    +--+-----------------------------+--------+---------+---------+
       Total:                        848      0         10     
                                                               
    .\CC3100SupportPackage\cc3100_usage\
       cc3100_usage.obj              1680     76        48     
    +--+-----------------------------+--------+---------+---------+
       Total:                        1680     76        48     
                                                               
    .\CC3100SupportPackage\simplelink\source\
       driver.obj                    8228     76        730    
       socket.obj                    3796     52        0      
       wlan.obj                      2752     236       0      
       netapp.obj                    2884     40        0      
       device.obj                    1460     20        0      
       nonos.obj                     304      0         80     
       netcfg.obj                    272      8         0      
       flowcont.obj                  128      0         0      
    +--+-----------------------------+--------+---------+---------+
       Total:                        19824    432       810    
                                                               
    .\CC3100SupportPackage\spi_cc3100\
       spi_cc3100.obj                528      0         0      
    +--+-----------------------------+--------+---------+---------+
       Total:                        528      0         0      
                                                               
    .\G8RTOS_Empty_Lab2\
       G8RTOS_Scheduler.obj          1780     0         96556  
       G8RTOS_Semaphores.obj         152      0         0      
       G8RTOS_SchedulerASM.obj       88       0         0      
       G8RTOS_CriticalSection.obj    14       0         0      
    +--+-----------------------------+--------+---------+---------+
       Total:                        2034     0         96556  
                                                               
    .\lab5_src_control\
       Game.obj                      4996     0         280    
       main.obj                      72       0         12     
    +--+-----------------------------+--------+---------+---------+
       Total:                        5068     0         292    
                                                               
    ../BoardSupportPackage/DriverLib/msp432p4xx_driverlib.lib
       cs.o                          1202     0         16     
       pcm.o                         1194     0         0      
       interrupt.o                   252      144       0      
       spi.o                         360      0         0      
       i2c.o                         320      0         0      
       gpio.o                        148      0         96     
       uart.o                        196      0         0      
       sysctl.o                      124      0         0      
       wdt_a.o                       48       0         0      
       flash.o                       40       0         0      
       rtc_c.o                       36       0         0      
       systick.o                     20       0         0      
       cpu.o                         16       0         0      
    +--+-----------------------------+--------+---------+---------+
       Total:                        3956     144       112    
                                                               
    C:\ti\ccsv7\tools\compiler\ti-cgt-arm_19.6.0.STS\lib\rtsv7M4_T_le_v4SPD16_eabi.lib
       _printfi.c.obj                4851     0         0      
       trgmsg.c.obj                  108      0         576    
       fd_add_t2.asm.obj             438      0         0      
       fd_div_t2.asm.obj             310      0         0      
       s_scalbn.c.obj                272      0         0      
       fd_cmp_t2.asm.obj             268      0         0      
       ctype.c.obj                   0        257       0      
       fd_mul_t2.asm.obj             252      0         0      
       memcpy_t2.asm.obj             156      0         0      
       ull_div_t2.asm.obj            150      0         0      
       snprintf.c.obj                148      0         0      
       memset_t2.asm.obj             122      0         0      
       ll_div_t2.asm.obj             110      0         0      
       copy_decompress_lzss.c.obj    104      0         0      
       s_frexp.c.obj                 100      0         0      
       rand.c.obj                    88       0         8      
       _ltoa.c.obj                   84       0         0      
       atoi.c.obj                    76       0         0      
       fd_toi_t2.asm.obj             72       0         0      
       hosttime.c.obj                72       0         0      
       autoinit.c.obj                68       0         0      
       boot_cortex_m.c.obj           52       0         0      
       i_tofd_t2.asm.obj             46       0         0      
       memccpy.c.obj                 28       0         0      
       s_copysign.c.obj              26       0         0      
       ll_mul_t2.asm.obj             24       0         0      
       strchr.c.obj                  22       0         0      
       strlen.c.obj                  20       0         0      
       _lock.c.obj                   2        0         16     
       wcslen.c.obj                  18       0         0      
       errno.c.obj                   8        0         8      
       hostopen.c.obj                0        0         16     
       copy_decompress_none.c.obj    14       0         0      
       time.c.obj                    14       0         0      
       copy_zero_init.c.obj          12       0         0      
       exit.c.obj                    4        0         0      
       pre_init.c.obj                4        0         0      
       div0.asm.obj                  2        0         0      
    +--+-----------------------------+--------+---------+---------+
       Total:                        8145     257       624    
                                                               
       Stack:                        0        0         1024   
       Linker Generated:             0        123       0      
    +--+-----------------------------+--------+---------+---------+
       Grand Total:                  113273   2877      107860 


LINKER GENERATED COPY TABLES

__TI_cinit_table @ 0001c5c8 records: 2, size/record: 8, table size: 16
	.data: load addr=0001c558, load size=00000057 bytes, run addr=2000cc24, run size=0000048c bytes, compression=lzss
	.bss: load addr=0001c5c0, load size=00000008 bytes, run addr=20000000, run size=0000cc22 bytes, compression=zero_init


LINKER GENERATED HANDLER TABLE

__TI_handler_table @ 0001c5b0 records: 3, size/record: 4, table size: 12
	index: 0, handler: __TI_decompress_lzss
	index: 1, handler: __TI_decompress_none
	index: 2, handler: __TI_zero_init


GLOBAL SYMBOLS: SORTED ALPHABETICALLY BY Name 

address   name                                                  
-------   ----                                                  
0001ba7f  ADC14_IRQHandler                                      
0001ba7f  AES256_IRQHandler                                     
000185c9  BME280_I2C_bus_read                                   
0001859d  BME280_I2C_bus_write                                  
000185f5  BME280_SPI_bus_read                                   
0001865b  BME280_SPI_bus_write                                  
000186cb  BME280_delay_msek                                     
0001b43d  BSP_InitBoard                                         
000181d5  BackChannelEventTrigger                               
0001814f  BackChannelInit                                       
000181ed  BackChannelOpt3001PrintRaw                            
0001816b  BackChannelPrint                                      
000181b7  BackChannelPrintIntVariable                           
0001822f  BackupChannelBmi160PrintAccel                         
0001825b  BackupChannelBmi160PrintGyro                          
00018287  BackupChannelBmi160PrintMag                           
00018209  BackupChannelTmp007PrintRaw                           
0001ba7f  BusFault_Handler                                      
2000cbf0  ButtonFunction                                        
00010f77  Button_ISR                                            
0001bb6f  C$$EXIT                                               
0001b433  C$$IO$$                                               
00017b03  CC3100_InterruptDisable                               
00017ad9  CC3100_InterruptEnable                                
00017ac1  CC3100_disable                                        
00017acd  CC3100_enable                                         
0001ba7f  COMP_E0_IRQHandler                                    
0001ba7f  COMP_E1_IRQHandler                                    
0001ba81  CPU_cpsie                                             
0001bb5b  CPU_wfi                                               
0001ba7f  CS_IRQHandler                                         
0001b6cd  CS_clearInterruptFlag                                 
00019c99  CS_getDCOFrequency                                    
0001b8d1  CS_getMCLK                                            
0001b8e9  CS_getSMCLK                                           
00019f99  CS_initClockSignal                                    
0001b6f1  CS_setDCOCenteredFrequency                            
0001b979  CS_setExternalClockSourceFrequency                    
0001bb31  CS_startHFXT                                          
0001a35d  CS_startHFXTWithTimeout                               
0001a8f7  ClockSys_GetSysFreq                                   
0001a889  ClockSys_SetMaxFreq                                   
000143d9  CopyPingResultsToReport                               
0001134d  CreateGame                                            
2000cbf4  CurrentlyRunningThread                                
0001ba7f  DMA_ERR_IRQHandler                                    
0001ba7f  DMA_INT0_IRQHandler                                   
0001ba7f  DMA_INT1_IRQHandler                                   
0001ba7f  DMA_INT2_IRQHandler                                   
0001ba7f  DMA_INT3_IRQHandler                                   
0001ba7f  DebugMon_Handler                                      
0001ba7f  Default_Handler                                       
00017d5f  Delay                                                 
0001b6a5  DelayMs                                               
000193c5  Disable_Joystick_Interrupt                            
00010fa1  DrawObjects                                           
00017dad  EUSCIA0_IRQHandler                                    
00017dad  EUSCIA0_IRQHandler                                    
0001ba7f  EUSCIA1_IRQHandler                                    
0001ba7f  EUSCIA2_IRQHandler                                    
0001ba7f  EUSCIA3_IRQHandler                                    
0001ba7f  EUSCIB0_IRQHandler                                    
000179e5  EUSCIB1_IRQHandler                                    
000179e5  EUSCIB1_IRQHandler                                    
0001ba7f  EUSCIB2_IRQHandler                                    
0001ba7f  EUSCIB3_IRQHandler                                    
0001ba8d  EUSCI_A_SPI_enable                                    
0001baf7  EUSCI_A_SPI_enableInterrupt                           
0001bb37  EUSCI_A_SPI_receiveData                               
0001bb5f  EUSCI_A_SPI_transmitData                              
0001ba99  EUSCI_B_SPI_enable                                    
0001baff  EUSCI_B_SPI_enableInterrupt                           
0001bb3d  EUSCI_B_SPI_receiveData                               
0001bb63  EUSCI_B_SPI_transmitData                              
0001ba35  EndCriticalSection                                    
0001205d  EndOfGameClient                                       
00011af5  EndOfGameHost                                         
0001ba7f  FLCTL_IRQHandler                                      
0001ba7f  FPU_IRQHandler                                        
0001b655  FlashCtl_setWaitState                                 
000162af  G8RTOS_AddAperiodicEvent                              
00016211  G8RTOS_AddPeriodicEvent                               
00016091  G8RTOS_AddThread                                      
00016301  G8RTOS_GetThreadId                                    
00015fc3  G8RTOS_Init                                           
0001a531  G8RTOS_InitSemaphore                                  
00016409  G8RTOS_KillAll                                        
000163b3  G8RTOS_KillSelf                                       
00016309  G8RTOS_KillThread                                     
00015ff7  G8RTOS_Launch                                         
00015ead  G8RTOS_Scheduler                                      
0001a581  G8RTOS_SignalSemaphore                                
0001adc9  G8RTOS_Start                                          
0001a54b  G8RTOS_WaitSemaphore                                  
0001b0e9  GPIO_setAsPeripheralModuleFunctionInputPin            
0001afb9  GPIO_setAsPeripheralModuleFunctionOutputPin           
2000ca4c  Game                                                  
2000cc1b  GameOver                                              
00011561  GenerateBall                                          
0001b251  GetASCIICode                                          
000193db  GetJoystickCoordinates                                
00017cab  GetLEDStatus                                          
0001b131  HOSTtime                                              
0001ba7f  HardFault_Handler                                     
0001ba3b  I2C_clearInterruptFlag                                
0001ba49  I2C_disableInterrupt                                  
0001baa5  I2C_disableModule                                     
0001bb07  I2C_enableInterrupt                                   
0001bab1  I2C_enableModule                                      
0001bb43  I2C_getEnabledInterruptStatus                         
0001bb49  I2C_getInterruptStatus                                
0001b319  I2C_initMaster                                        
0001b98d  I2C_isBusBusy                                         
0001bb4f  I2C_masterReceiveMultiByteNext                        
0001b9db  I2C_masterReceiveStart                                
0001b715  I2C_masterSendMultiByteNext                           
0001b395  I2C_masterSendMultiByteStart                          
0001b541  I2C_masterSendMultiByteStop                           
0001856b  I2C_routine                                           
0001bb67  I2C_setSlaveAddress                                   
00011d53  IdleThread                                            
2000cc1e  IntIsMasked                                           
0001ac39  Interrupt_disableInterrupt                            
0001ac9d  Interrupt_enableInterrupt                             
0001b9eb  Interrupt_enableMaster                                
0001b739  Interrupt_setPriority                                 
00011d9d  JoinGame                                              
00019311  Joystick_Init_Without_Interrupt                       
0001936f  Joystick_Push_Button_Init_With_Interrupt              
00016db1  LCD_Clear                                             
00016c51  LCD_DrawRectangle                                     
00016e81  LCD_Init                                              
0001708b  LCD_ReadPixelColor                                    
0001b7c9  LCD_SetCursor                                         
00016e27  LCD_SetPoint                                          
00016d17  LCD_Text                                              
0001b2d9  LCD_WriteData                                         
0001b471  LCD_WriteIndex                                        
0001b849  LCD_WriteReg                                          
0001b7e9  LCD_Write_Data_Only                                   
0001baed  LCD_Write_Data_Start                                  
0001ad65  LCD_newReadData                                       
000194bd  LP3943_LedModeSet                                     
2000cbf8  LcdSemaphore                                          
2000cbfc  LedSemaphore                                          
00017b21  MaskIntHdlr                                           
0001ba7f  MemManage_Handler                                     
00011641  MoveBall                                              
00011311  MoveLEDs                                              
0001ba7f  NMI_Handler                                           
0001ba7f  PCM_IRQHandler                                        
0001b5ff  PCM_getCoreVoltageLevel                               
0001b62b  PCM_getPowerMode                                      
0001babd  PCM_getPowerState                                     
0001b67d  PCM_gotoLPM0                                          
0001a98d  PCM_gotoLPM3                                          
0001b9fb  PCM_gotoLPM4                                          
0001bb0f  PCM_setCoreVoltageLevel                               
0001bb17  PCM_setPowerMode                                      
0001bb1f  PCM_setPowerState                                     
0001af19  PCM_shutdownDevice                                    
00017d5d  PORT1_IRQHandler                                      
00017d5d  PORT1_IRQHandler                                      
00017d87  PORT2_IRQHandler                                      
00017d87  PORT2_IRQHandler                                      
0001ba7f  PORT3_IRQHandler                                      
0001ba7f  PORT4_IRQHandler                                      
0001ba7f  PORT5_IRQHandler                                      
0001ba7f  PORT6_IRQHandler                                      
0001ba7f  PSS_IRQHandler                                        
0001adf3  PendSV_Handler                                        
0001adf3  PendSV_Handler                                        
0001a2b9  PutChar                                               
0001ba7f  RTC_C_IRQHandler                                      
0001b75d  RTC_C_holdClock                                       
00011f4d  ReadJoystickClient                                    
00011963  ReadJoystickHost                                      
2000cc1f  ReadyFlag                                             
00016a41  ReceiveData                                           
00011a51  ReceiveDataFromClient                                 
00011fd9  ReceiveDataFromHost                                   
0001ba73  Reset_Handler                                         
00013053  SL_FD_CLR                                             
00013079  SL_FD_ISSET                                           
00013031  SL_FD_SET                                             
000130a1  SL_FD_ZERO                                            
0001b3cd  SPISendRecvByte                                       
0001b809  SPI_enableInterrupt                                   
0001b881  SPI_enableModule                                      
0001a6f5  SPI_initMaster                                        
0001b89b  SPI_receiveData                                       
00018587  SPI_routine                                           
0001b829  SPI_transmitData                                      
0001ba7f  SVC_Handler                                           
00017d19  SelAntenna                                            
2000cbc2  Self                                                  
00016a21  SendData                                              
000119c1  SendDataToClient                                      
00011f71  SendDataToHost                                        
00016b05  SimpleLinkGeneralEventHandler                         
00016af9  SimpleLinkHttpServerCallback                          
00016ac1  SimpleLinkNetAppEventHandler                          
00016b0f  SimpleLinkSockEventHandler                            
00016a6d  SimpleLinkWlanEventHandler                            
2000d064  SockIDRx                                              
2000d066  SockIDTx                                              
0001ba2d  StartCriticalSection                                  
0001bb55  SysCtlDelay                                           
0001ba0d  SysCtl_disableNMISource                               
0001ba1d  SysCtl_enableNMISource                                
0001bac9  SysCtl_getNMISourceStatus                             
0001af69  SysCtl_getTLVInfo                                     
00015f13  SysTick_Handler                                       
00015f13  SysTick_Handler                                       
0001b9a1  SysTick_enableInterrupt                               
2000d0ac  SystemCoreClock                                       
00017dfd  SystemCoreClockUpdate                                 
00018075  SystemInit                                            
2000cc00  SystemTime                                            
0001ba7f  T32_INT1_IRQHandler                                   
0001ba7f  T32_INT2_IRQHandler                                   
0001ba7f  T32_INTC_IRQHandler                                   
0001ba7f  TA0_0_IRQHandler                                      
0001ba7f  TA0_N_IRQHandler                                      
0001ba7f  TA1_0_IRQHandler                                      
0001ba7f  TA1_N_IRQHandler                                      
0001ba7f  TA2_0_IRQHandler                                      
0001ba7f  TA2_N_IRQHandler                                      
0001ba7f  TA3_0_IRQHandler                                      
0001ba7f  TA3_N_IRQHandler                                      
000170c3  TP_ReadX                                              
000170ad  TP_ReadXY                                             
00017125  TP_ReadY                                              
0001bad5  UART_enableModule                                     
0001a661  UART_initModule                                       
0001b781  UART_transmitData                                     
2000cc04  UdpSemaphore                                          
00017b29  UnMaskIntHdlr                                         
0001ba7f  UsageFault_Handler                                    
2000d090  V_bmm150_maual_auto_condition_u8                      
2000d094  V_fifo_time_U32                                       
4000480c  WDTCTL_SYM                                            
0001ba7f  WDT_A_IRQHandler                                      
0001b901  WDT_A_clearTimer                                      
0001b919  WDT_A_holdTimer                                       
0001c4ba  _SlAcceptCmdCtrl                                      
0001c3a8  _SlActionLookupTable                                  
0000e591  _SlAsyncEventGenericHandler                           
0001c4be  _SlDeviceGetCmdCtrl                                   
0001c4c2  _SlDeviceSetCmdCtrl                                   
0000efa3  _SlDrvBasicCmd                                        
0000ec57  _SlDrvClassifyRxMsg                                   
0000d88f  _SlDrvCmdOp                                           
0000d93f  _SlDrvCmdSend                                         
0000d995  _SlDrvDataReadOp                                      
0000db99  _SlDrvDataWriteOp                                     
000176cd  _SlDrvDeviceEventHandler                              
0000d7a9  _SlDrvDriverCBDeinit                                  
0000d6c5  _SlDrvDriverCBInit                                    
0001a94b  _SlDrvFlowContDeinit                                  
0001a90d  _SlDrvFlowContInit                                    
0000df5d  _SlDrvMsgRead                                         
0000ea75  _SlDrvMsgReadCmdCtx                                   
0000eb6f  _SlDrvMsgReadSpawnCtx                                 
0000dd69  _SlDrvMsgWrite                                        
000147a9  _SlDrvNetAppEventHandler                              
0000f497  _SlDrvObjDeInit                                       
0000f41b  _SlDrvObjInit                                         
0000f211  _SlDrvReleasePoolObj                                  
0000ed9d  _SlDrvRxHdrRead                                       
0000d84d  _SlDrvRxIrqHandler                                    
0000ed55  _SlDrvShiftDWord                                      
0000f009  _SlDrvWaitForPoolObj                                  
0001c4c6  _SlEventMaskGetCmdCtrl                                
0001c4ca  _SlEventMaskSetCmdCtrl                                
0000f579  _SlFindAndSetActiveObj                                
0001c4ce  _SlGetHostByNameCtrl                                  
0001c4d2  _SlGetHostByServiceCtrl                               
0001c4d6  _SlGetServiceListeCtrl                                
0001c4da  _SlGetSockOptCmdCtrl                                  
0001c4de  _SlListenCmdCtrl                                      
0001c4e2  _SlNetAppGetCmdCtrl                                   
0001c4e6  _SlNetAppSendTokenValueCmdCtrl                        
0001c4ea  _SlNetAppSetCmdCtrl                                   
0001c4ee  _SlNetAppStartCtrl                                    
0001c4f2  _SlNetAppStopCtrl                                     
0001c4f6  _SlNetCfgGetCmdCtrl                                   
0001c4fa  _SlNetCfgSetCmdCtrl                                   
000198e9  _SlNonOsMainLoopTask                                  
0001983d  _SlNonOsSemGet                                        
00019825  _SlNonOsSemSet                                        
00019899  _SlNonOsSpawn                                         
0001c4fe  _SlPolicyGetCmdCtrl                                   
0001c502  _SlPolicySetCmdCtrl                                   
0001c506  _SlProfileDelCmdCtrl                                  
0001c50a  _SlProfileGetCmdCtrl                                  
0001c50e  _SlRecvCmdCtrl                                        
0001c512  _SlRecvfomCmdCtrl                                     
0001c516  _SlRegisterServiceCtrl                                
0000f4b7  _SlRemoveFromList                                     
0001c51a  _SlRxFilterAddtCmdCtrl                                
0001c51e  _SlRxFilterGetCmdCtrl                                 
0001c522  _SlRxFilterSetCmdCtrl                                 
0001c526  _SlSelectCmdCtrl                                      
0001c52a  _SlSendCmdCtrl                                        
0001c52e  _SlSetSockOptCmdCtrl                                  
0001c532  _SlSmartConfigStartCmdCtrl                            
0001c536  _SlSockCloseCmdCtrl                                   
0001c53a  _SlSockSocketCmdCtrl                                  
0001c53e  _SlStopCmdCtrl                                        
0001c542  _SlWlanCfgGetCmdCtrl                                  
0001c546  _SlWlanCfgSetCmdCtrl                                  
0001c54a  _SlWlanGetNetworkListCtrl                             
0001c54e  _SlWlanSetModeCmdCtrl                                 
2000c79c  __CIOBUF_                                             
20010000  __STACK_END                                           
00000200  __STACK_SIZE                                          
0001c5c8  __TI_CINIT_Base                                       
0001c5d8  __TI_CINIT_Limit                                      
0001c5b0  __TI_Handler_Table_Base                               
0001c5bc  __TI_Handler_Table_Limit                              
0001b295  __TI_auto_init_nobinit_nopinit                        
0001abd1  __TI_decompress_lzss                                  
0001ba65  __TI_decompress_none                                  
0001ae73  __TI_ltoa                                             
ffffffff  __TI_pprof_out_hndl                                   
0001537d  __TI_printfi                                          
ffffffff  __TI_prof_data_size                                   
ffffffff  __TI_prof_data_start                                  
0001b4a5  __TI_readmsg                                          
00000000  __TI_static_base__                                    
0001b405  __TI_writemsg                                         
0001bae1  __TI_zero_init                                        
0001a77d  __aeabi_cdcmpeq                                       
0001a77d  __aeabi_cdcmple                                       
0001a803  __aeabi_cdrcmple                                      
0001b209  __aeabi_d2iz                                          
00018f97  __aeabi_dadd                                          
000196ed  __aeabi_ddiv                                          
00019e9b  __aeabi_dmul                                          
00018f8d  __aeabi_dsub                                          
0001bb29  __aeabi_errno_addr                                    
0001b5d1  __aeabi_i2d                                           
000192e3  __aeabi_idiv0                                         
000192e3  __aeabi_ldiv0                                         
0001ab63  __aeabi_ldivmod                                       
0001b949  __aeabi_lmul                                          
0001aa09  __aeabi_memclr                                        
0001aa09  __aeabi_memclr4                                       
0001aa09  __aeabi_memclr8                                       
0001a495  __aeabi_memcpy                                        
0001a495  __aeabi_memcpy4                                       
0001a495  __aeabi_memcpy8                                       
0001aa0b  __aeabi_memset                                        
0001aa0b  __aeabi_memset4                                       
0001aa0b  __aeabi_memset8                                       
0001a5c9  __aeabi_uldivmod                                      
ffffffff  __binit__                                             
ffffffff  __c_args__                                            
UNDEFED   __mpu_init                                            
2000fe00  __stack                                               
20000000  __start___llvm_prf_cnts                               
20000000  __stop___llvm_prf_cnts                                
0001ba57  __time32                                              
0001b4d9  _c_int00_noargs                                       
0001c164  _ctypes_                                              
2000d088  _lock                                                 
00015dcb  _nop                                                  
0001227d  _sl_BuildAddress                                      
00017199  _sl_GetStartResponseConvert                           
00012c91  _sl_HandleAsync_Accept                                
0001288b  _sl_HandleAsync_Connect                               
000141c1  _sl_HandleAsync_DnsGetHostByAddr                      
00014315  _sl_HandleAsync_DnsGetHostByName                      
000140f1  _sl_HandleAsync_DnsGetHostByService                   
000172fd  _sl_HandleAsync_InitComplete                          
00014415  _sl_HandleAsync_PingResponse                          
000130b9  _sl_HandleAsync_Select                                
000173af  _sl_HandleAsync_Stop                                  
00012395  _sl_ParseAddress                                      
000122cd  _sl_TruncatePayloadByProtocol                         
UNDEFED   _system_post_cinit                                    
0001bb6b  _system_pre_init                                      
2000d08c  _unlock                                               
0001bb6f  abort                                                 
2000bbf4  accel_fifo                                            
2000cbd4  accelxyz                                              
0001b051  atoi                                                  
ffffffff  binit                                                 
2000cb30  bme280                                                
0000fa27  bme280_compensate_humidity_int32                      
0000fadd  bme280_compensate_humidity_int32_sixteen_bit_output   
0000f8a1  bme280_compensate_pressure_int32                      
00010c65  bme280_compensate_pressure_int64                      
00010e67  bme280_compensate_pressure_int64_twentyfour_bit_output
0000f79f  bme280_compensate_temperature_int32                   
0000f817  bme280_compensate_temperature_int32_sixteen_bit_output
00010e81  bme280_compute_wait_time                              
00018429  bme280_data_readout_template                          
0000fbf7  bme280_get_calib_param                                
000106b7  bme280_get_filter                                     
00010a1b  bme280_get_forced_uncomp_pressure_temperature_humidity
00010113  bme280_get_oversamp_humidity                          
0000ff5b  bme280_get_oversamp_pressure                          
0000fd99  bme280_get_oversamp_temperature                       
00010301  bme280_get_power_mode                                 
00010509  bme280_get_spi3                                       
0001086b  bme280_get_standby_durn                               
0000f6e9  bme280_init                                           
00018515  bme280_initialize_sensor                              
0000fb97  bme280_read_pressure_temperature_humidity             
00010c1f  bme280_read_register                                  
0000f9d1  bme280_read_uncomp_humidity                           
0000f841  bme280_read_uncomp_pressure                           
0000fb05  bme280_read_uncomp_pressure_temperature_humidity      
0000f73f  bme280_read_uncomp_temperature                        
00010707  bme280_set_filter                                     
0001016d  bme280_set_oversamp_humidity                          
0000ffb7  bme280_set_oversamp_pressure                          
0000fdf5  bme280_set_oversamp_temperature                       
0001034f  bme280_set_power_mode                                 
000104c9  bme280_set_soft_rst                                   
00010557  bme280_set_spi3                                       
000108bb  bme280_set_standby_durn                               
00010bd9  bme280_write_register                                 
00007511  bmi160_accel_foc_trigger_xyz                          
0000ac11  bmi160_bmm150_mag_compensate_X                        
0000acbb  bmi160_bmm150_mag_compensate_Y                        
0000ad65  bmi160_bmm150_mag_compensate_Z                        
0000abb5  bmi160_bmm150_mag_compensate_xyz                      
0000ae05  bmi160_bmm150_mag_interface_init                      
0000b2a7  bmi160_bmm150_mag_set_power_mode                      
0000b0b1  bmi160_bmm150_mag_wakeup                              
0000c00d  bmi160_bst_akm_compensate_X                           
0000c03f  bmi160_bst_akm_compensate_Y                           
0000c071  bmi160_bst_akm_compensate_Z                           
0000c0a3  bmi160_bst_akm_compensate_xyz                         
0000bc05  bmi160_bst_akm_mag_interface_init                     
0000c0f1  bmi160_bst_akm_set_powermode                          
0000caa1  bmi160_bst_yamaha_yas532_calib_values                 
0000c47b  bmi160_bst_yamaha_yas532_mag_interface_init           
0000d4e1  bmi160_bst_yas532_acquisition_command_register        
0000c911  bmi160_bst_yas532_magnetic_measure_set_offset         
0000d069  bmi160_bst_yas532_measurement_xyz_data                
0000cef5  bmi160_bst_yas532_normal_measurement_data             
0000c7b1  bmi160_bst_yas532_set_initial_values                  
0000d5a5  bmi160_bst_yas532_set_offset                          
0000ce59  bmi160_bst_yas532_xy1y2_to_linear                     
000095c1  bmi160_clear_step_counter                             
0001318d  bmi160_config_running_mode                            
00013d3d  bmi160_delay_ms                                       
00001805  bmi160_fifo_data                                      
000017a5  bmi160_fifo_length                                    
0000191d  bmi160_get_accel_bw                                   
00000e21  bmi160_get_accel_data_rdy                             
000021f7  bmi160_get_accel_fifo_filter_data                     
000086ab  bmi160_get_accel_offset_compensation_xaxis            
00008791  bmi160_get_accel_offset_compensation_yaxis            
0000887b  bmi160_get_accel_offset_compensation_zaxis            
00008edb  bmi160_get_accel_offset_enable                        
0000183f  bmi160_get_accel_output_data_rate                     
00000481  bmi160_get_accel_power_mode_stat                      
00001ad9  bmi160_get_accel_range                                
0000829d  bmi160_get_accel_selftest_amp                         
000080e7  bmi160_get_accel_selftest_axis                        
000081bf  bmi160_get_accel_selftest_sign                        
000019ff  bmi160_get_accel_under_sampling_parameter             
00000d85  bmi160_get_data_rdy_mag                               
000002b5  bmi160_get_drop_cmd_err                               
00000219  bmi160_get_err_code                                   
00000351  bmi160_get_error_status                               
000001cd  bmi160_get_fatal_err                                  
000028a5  bmi160_get_fifo_accel_enable                          
0000212f  bmi160_get_fifo_down_accel                            
00001f87  bmi160_get_fifo_down_gyro                             
00002985  bmi160_get_fifo_gyro_enable                           
000026f1  bmi160_get_fifo_header_enable                         
000027cb  bmi160_get_fifo_mag_enable                            
0000235f  bmi160_get_fifo_stop_on_full                          
000025ff  bmi160_get_fifo_tag_intr1_enable                      
00002511  bmi160_get_fifo_tag_intr2_enable                      
00002437  bmi160_get_fifo_time_enable                           
000022d1  bmi160_get_fifo_wm                                    
000070db  bmi160_get_foc_accel_x                                
00007001  bmi160_get_foc_accel_y                                
00006f3b  bmi160_get_foc_accel_z                                
0000775b  bmi160_get_foc_gyro_enable                            
00000ce5  bmi160_get_foc_rdy                                    
00001ce5  bmi160_get_gyro_bw                                    
00000dd3  bmi160_get_gyro_data_rdy                              
00002055  bmi160_get_gyro_fifo_filter_data                      
00008961  bmi160_get_gyro_offset_compensation_xaxis             
00008b31  bmi160_get_gyro_offset_compensation_yaxis             
00008d09  bmi160_get_gyro_offset_compensation_zaxis             
00008fab  bmi160_get_gyro_offset_enable                         
00001bc9  bmi160_get_gyro_output_data_rate                      
00000433  bmi160_get_gyro_power_mode_stat                       
00001dbf  bmi160_get_gyro_range                                 
00000c49  bmi160_get_gyro_selftest                              
00008377  bmi160_get_gyro_selftest_start                        
00007f33  bmi160_get_gyro_sleep_state                           
00007d7b  bmi160_get_gyro_sleep_trigger                         
0000800d  bmi160_get_gyro_wakeup_intr                           
00007e53  bmi160_get_gyro_wakeup_trigger                        
00002a5f  bmi160_get_i2c_device_addr                            
00000267  bmi160_get_i2c_fail_err                               
00007bc7  bmi160_get_i2c_wdt_enable                             
00007ae7  bmi160_get_i2c_wdt_select                             
00007ca1  bmi160_get_if_mode                                    
000041f3  bmi160_get_input_enable                               
000046ed  bmi160_get_intr_any_motion                            
00005dbf  bmi160_get_intr_any_motion_durn                       
00005f53  bmi160_get_intr_any_motion_thres                      
00005519  bmi160_get_intr_data_rdy                              
00004a31  bmi160_get_intr_double_tap                            
00003ae5  bmi160_get_intr_edge_ctrl                             
00002f23  bmi160_get_intr_enable_0                              
00003393  bmi160_get_intr_enable_1                              
000037fb  bmi160_get_intr_enable_2                              
000051fd  bmi160_get_intr_fifo_full                             
00005389  bmi160_get_intr_fifo_wm                               
00004ee1  bmi160_get_intr_flat                                  
00006d83  bmi160_get_intr_flat_hold                             
00006e63  bmi160_get_intr_flat_hyst                             
00006cab  bmi160_get_intr_flat_theta                            
00004561  bmi160_get_intr_high_g                                
00005cb3  bmi160_get_intr_high_g_durn                           
00005beb  bmi160_get_intr_high_g_hyst                           
00005d39  bmi160_get_intr_high_g_thres                          
00003c6d  bmi160_get_intr_level                                 
0000437f  bmi160_get_intr_low_g                                 
00005937  bmi160_get_intr_low_g_durn                            
00005a43  bmi160_get_intr_low_g_hyst                            
00005b11  bmi160_get_intr_low_g_mode                            
000059bd  bmi160_get_intr_low_g_thres                           
0000577f  bmi160_get_intr_low_high_source                       
0000585d  bmi160_get_intr_motion_source                         
000048a5  bmi160_get_intr_nomotion                              
00004d4f  bmi160_get_intr_orient                                
00006bd1  bmi160_get_intr_orient_axes_enable                    
00006879  bmi160_get_intr_orient_blocking                       
00006953  bmi160_get_intr_orient_hyst                           
0000679b  bmi160_get_intr_orient_mode                           
00006a1b  bmi160_get_intr_orient_theta                          
00006af3  bmi160_get_intr_orient_ud_enable                      
00003dff  bmi160_get_intr_output_type                           
0000506d  bmi160_get_intr_pmu_trig                              
000062f1  bmi160_get_intr_significant_motion_proof              
0000613d  bmi160_get_intr_significant_motion_select             
00006217  bmi160_get_intr_significant_motion_skip               
00004bc3  bmi160_get_intr_single_tap                            
00005e8b  bmi160_get_intr_slow_no_motion_durn                   
0000605f  bmi160_get_intr_slow_no_motion_select                 
00005fd9  bmi160_get_intr_slow_no_motion_thres                  
000063cb  bmi160_get_intr_tap_durn                              
000065fb  bmi160_get_intr_tap_quiet                             
00006521  bmi160_get_intr_tap_shock                             
000056a5  bmi160_get_intr_tap_source                            
000066d5  bmi160_get_intr_tap_thres                             
0000411b  bmi160_get_latch_intr                                 
00002b27  bmi160_get_mag_burst                                  
00000303  bmi160_get_mag_dada_rdy_err                           
00002cb9  bmi160_get_mag_manual_enable                          
00000c97  bmi160_get_mag_manual_operation_stat                  
00002bed  bmi160_get_mag_offset                                 
00001e97  bmi160_get_mag_output_data_rate                       
000003e1  bmi160_get_mag_power_mode_stat                        
00002d91  bmi160_get_mag_read_addr                              
00002e17  bmi160_get_mag_write_addr                             
00002e9d  bmi160_get_mag_write_data                             
000085e3  bmi160_get_nvm_counter                                
00007935  bmi160_get_nvm_prog_enable                            
00000d33  bmi160_get_nvm_rdy                                    
00003f8b  bmi160_get_output_enable                              
00009701  bmi160_get_paging_enable                              
0000d6ab  bmi160_get_ptr                                        
000097db  bmi160_get_pullup_configuration                       
00000bed  bmi160_get_sensor_time                                
00008517  bmi160_get_spare0_trim                                
00007a0f  bmi160_get_spi3                                       
00008451  bmi160_get_spi_enable                                 
00000f09  bmi160_get_stat0_any_motion_intr                      
00000fa5  bmi160_get_stat0_double_tap_intr                      
00001095  bmi160_get_stat0_flat_intr                            
00001041  bmi160_get_stat0_orient_intr                          
00000f57  bmi160_get_stat0_pmu_trigger_intr                     
00000ebb  bmi160_get_stat0_significant_intr                     
00000ff3  bmi160_get_stat0_single_tap_intr                      
00000e6f  bmi160_get_stat0_step_intr                            
0000117f  bmi160_get_stat1_data_rdy_intr                        
000011cd  bmi160_get_stat1_fifo_full_intr                       
0000121b  bmi160_get_stat1_fifo_wm_intr                         
000010e3  bmi160_get_stat1_high_g_intr                          
00001131  bmi160_get_stat1_low_g_intr                           
00001269  bmi160_get_stat1_nomotion_intr                        
000012b7  bmi160_get_stat2_any_motion_first_x                   
00001303  bmi160_get_stat2_any_motion_first_y                   
00001351  bmi160_get_stat2_any_motion_first_z                   
000013a5  bmi160_get_stat2_any_motion_sign                      
000013f3  bmi160_get_stat2_tap_first_x                          
00001441  bmi160_get_stat2_tap_first_y                          
0000148f  bmi160_get_stat2_tap_first_z                          
000014dd  bmi160_get_stat2_tap_sign                             
00001703  bmi160_get_stat3_flat                                 
0000152b  bmi160_get_stat3_high_g_first_x                       
00001577  bmi160_get_stat3_high_g_first_y                       
000015c5  bmi160_get_stat3_high_g_first_z                       
00001613  bmi160_get_stat3_high_g_sign                          
00001661  bmi160_get_stat3_orient_xy                            
000016b5  bmi160_get_stat3_orient_z                             
000090c7  bmi160_get_step_config                                
00009299  bmi160_get_step_counter_enable                        
00003a15  bmi160_get_step_detector_enable                       
00009627  bmi160_get_target_page                                
00001751  bmi160_get_temp                                       
00013ca3  bmi160_i2c_burst_read                                 
00013c77  bmi160_i2c_bus_read                                   
00013cd5  bmi160_i2c_bus_write                                  
000000e5  bmi160_init                                           
00013151  bmi160_initialize_sensor                              
00013bc5  bmi160_interrupt_configuration                        
000093f1  bmi160_map_significant_motion_intr                    
000094d9  bmi160_map_step_detector_intr                         
00000a7d  bmi160_read_accel_x                                   
00000b79  bmi160_read_accel_xyz                                 
00000ad1  bmi160_read_accel_y                                   
00000b25  bmi160_read_accel_z                                   
0000b761  bmi160_read_bmm150_mag_trim                           
0000bf25  bmi160_read_bst_akm_sensitivity_data                  
000098b9  bmi160_read_fifo_header_data                          
0000a289  bmi160_read_fifo_headerless_mode                      
00000909  bmi160_read_gyro_x                                    
00000a05  bmi160_read_gyro_xyz                                  
0000095d  bmi160_read_gyro_y                                    
000009b1  bmi160_read_gyro_z                                    
000006d9  bmi160_read_mag_r                                     
000004cf  bmi160_read_mag_x                                     
00000743  bmi160_read_mag_xyz                                   
0000084d  bmi160_read_mag_xyzr                                  
0000057d  bmi160_read_mag_y                                     
0000062b  bmi160_read_mag_z                                     
00000189  bmi160_read_reg                                       
00009073  bmi160_read_step_count                                
0000196b  bmi160_set_accel_bw                                   
00002245  bmi160_set_accel_fifo_filter_data                     
000071b9  bmi160_set_accel_foc_trigger                          
[...]
000196ed  __aeabi_ddiv                                          
00019825  _SlNonOsSemSet                                        
0001983d  _SlNonOsSemGet                                        
00019899  _SlNonOsSpawn                                         
000198e9  _SlNonOsMainLoopTask                                  
00019a79  sl_NetCfgSet                                          
00019adf  sl_NetCfgGet                                          
00019b89  ldexp                                                 
00019b89  ldexpl                                                
00019b89  scalbn                                                
00019b89  scalbnl                                               
00019c99  CS_getDCOFrequency                                    
00019d9d  sensorOpt3001Init                                     
00019da9  sensorOpt3001Enable                                   
00019dd5  sensorOpt3001Read                                     
00019e39  sensorOpt3001Test                                     
00019e9b  __aeabi_dmul                                          
00019f99  CS_initClockSignal                                    
0001a2b9  PutChar                                               
0001a35d  CS_startHFXTWithTimeout                               
0001a495  __aeabi_memcpy                                        
0001a495  __aeabi_memcpy4                                       
0001a495  __aeabi_memcpy8                                       
0001a495  memcpy                                                
0001a531  G8RTOS_InitSemaphore                                  
0001a54b  G8RTOS_WaitSemaphore                                  
0001a581  G8RTOS_SignalSemaphore                                
0001a5c9  __aeabi_uldivmod                                      
0001a661  UART_initModule                                       
0001a6f5  SPI_initMaster                                        
0001a77d  __aeabi_cdcmpeq                                       
0001a77d  __aeabi_cdcmple                                       
0001a803  __aeabi_cdrcmple                                      
0001a889  ClockSys_SetMaxFreq                                   
0001a8f7  ClockSys_GetSysFreq                                   
0001a90d  _SlDrvFlowContInit                                    
0001a94b  _SlDrvFlowContDeinit                                  
0001a98d  PCM_gotoLPM3                                          
0001aa09  __aeabi_memclr                                        
0001aa09  __aeabi_memclr4                                       
0001aa09  __aeabi_memclr8                                       
0001aa0b  __aeabi_memset                                        
0001aa0b  __aeabi_memset4                                       
0001aa0b  __aeabi_memset8                                       
0001aa11  memset                                                
0001ab63  __aeabi_ldivmod                                       
0001abd1  __TI_decompress_lzss                                  
0001ac39  Interrupt_disableInterrupt                            
0001ac9d  Interrupt_enableInterrupt                             
0001ad01  frexp                                                 
0001ad01  frexpl                                                
0001ad65  LCD_newReadData                                       
0001adc9  G8RTOS_Start                                          
0001adf3  PendSV_Handler                                        
0001adf3  PendSV_Handler                                        
0001ae73  __TI_ltoa                                             
0001af19  PCM_shutdownDevice                                    
0001af69  SysCtl_getTLVInfo                                     
0001afb9  GPIO_setAsPeripheralModuleFunctionOutputPin           
0001b051  atoi                                                  
0001b09d  snprintf                                              
0001b0e9  GPIO_setAsPeripheralModuleFunctionInputPin            
0001b131  HOSTtime                                              
0001b1c1  main                                                  
0001b209  __aeabi_d2iz                                          
0001b251  GetASCIICode                                          
0001b295  __TI_auto_init_nobinit_nopinit                        
0001b2d9  LCD_WriteData                                         
0001b319  I2C_initMaster                                        
0001b395  I2C_masterSendMultiByteStart                          
0001b3cd  SPISendRecvByte                                       
0001b405  __TI_writemsg                                         
0001b433  C$$IO$$                                               
0001b43d  BSP_InitBoard                                         
0001b471  LCD_WriteIndex                                        
0001b4a5  __TI_readmsg                                          
0001b4d9  _c_int00_noargs                                       
0001b50d  rand                                                  
0001b541  I2C_masterSendMultiByteStop                           
0001b5d1  __aeabi_i2d                                           
0001b5ff  PCM_getCoreVoltageLevel                               
0001b62b  PCM_getPowerMode                                      
0001b655  FlashCtl_setWaitState                                 
0001b67d  PCM_gotoLPM0                                          
0001b6a5  DelayMs                                               
0001b6cd  CS_clearInterruptFlag                                 
0001b6f1  CS_setDCOCenteredFrequency                            
0001b715  I2C_masterSendMultiByteNext                           
0001b739  Interrupt_setPriority                                 
0001b75d  RTC_C_holdClock                                       
0001b781  UART_transmitData                                     
0001b7a5  srand                                                 
0001b7c9  LCD_SetCursor                                         
0001b7e9  LCD_Write_Data_Only                                   
0001b809  SPI_enableInterrupt                                   
0001b829  SPI_transmitData                                      
0001b849  LCD_WriteReg                                          
0001b865  memccpy                                               
0001b881  SPI_enableModule                                      
0001b89b  SPI_receiveData                                       
0001b8b5  copysign                                              
0001b8b5  copysignl                                             
0001b8d1  CS_getMCLK                                            
0001b8e9  CS_getSMCLK                                           
0001b901  WDT_A_clearTimer                                      
0001b919  WDT_A_holdTimer                                       
0001b949  __aeabi_lmul                                          
0001b961  strchr                                                
0001b979  CS_setExternalClockSourceFrequency                    
0001b98d  I2C_isBusBusy                                         
0001b9a1  SysTick_enableInterrupt                               
0001b9b5  strlen                                                
0001b9c9  wcslen                                                
0001b9db  I2C_masterReceiveStart                                
0001b9eb  Interrupt_enableMaster                                
0001b9fb  PCM_gotoLPM4                                          
0001ba0d  SysCtl_disableNMISource                               
0001ba1d  SysCtl_enableNMISource                                
0001ba2d  StartCriticalSection                                  
0001ba35  EndCriticalSection                                    
0001ba3b  I2C_clearInterruptFlag                                
0001ba49  I2C_disableInterrupt                                  
0001ba57  __time32                                              
0001ba57  time                                                  
0001ba65  __TI_decompress_none                                  
0001ba73  Reset_Handler                                         
0001ba7f  ADC14_IRQHandler                                      
0001ba7f  AES256_IRQHandler                                     
0001ba7f  BusFault_Handler                                      
0001ba7f  COMP_E0_IRQHandler                                    
0001ba7f  COMP_E1_IRQHandler                                    
0001ba7f  CS_IRQHandler                                         
0001ba7f  DMA_ERR_IRQHandler                                    
0001ba7f  DMA_INT0_IRQHandler                                   
0001ba7f  DMA_INT1_IRQHandler                                   
0001ba7f  DMA_INT2_IRQHandler                                   
0001ba7f  DMA_INT3_IRQHandler                                   
0001ba7f  DebugMon_Handler                                      
0001ba7f  Default_Handler                                       
0001ba7f  EUSCIA1_IRQHandler                                    
0001ba7f  EUSCIA2_IRQHandler                                    
0001ba7f  EUSCIA3_IRQHandler                                    
0001ba7f  EUSCIB0_IRQHandler                                    
0001ba7f  EUSCIB2_IRQHandler                                    
0001ba7f  EUSCIB3_IRQHandler                                    
0001ba7f  FLCTL_IRQHandler                                      
0001ba7f  FPU_IRQHandler                                        
0001ba7f  HardFault_Handler                                     
0001ba7f  MemManage_Handler                                     
0001ba7f  NMI_Handler                                           
0001ba7f  PCM_IRQHandler                                        
0001ba7f  PORT3_IRQHandler                                      
0001ba7f  PORT4_IRQHandler                                      
0001ba7f  PORT5_IRQHandler                                      
0001ba7f  PORT6_IRQHandler                                      
0001ba7f  PSS_IRQHandler                                        
0001ba7f  RTC_C_IRQHandler                                      
0001ba7f  SVC_Handler                                           
0001ba7f  T32_INT1_IRQHandler                                   
0001ba7f  T32_INT2_IRQHandler                                   
0001ba7f  T32_INTC_IRQHandler                                   
0001ba7f  TA0_0_IRQHandler                                      
0001ba7f  TA0_N_IRQHandler                                      
0001ba7f  TA1_0_IRQHandler                                      
0001ba7f  TA1_N_IRQHandler                                      
0001ba7f  TA2_0_IRQHandler                                      
0001ba7f  TA2_N_IRQHandler                                      
0001ba7f  TA3_0_IRQHandler                                      
0001ba7f  TA3_N_IRQHandler                                      
0001ba7f  UsageFault_Handler                                    
0001ba7f  WDT_A_IRQHandler                                      
0001ba81  CPU_cpsie                                             
0001ba8d  EUSCI_A_SPI_enable                                    
0001ba99  EUSCI_B_SPI_enable                                    
0001baa5  I2C_disableModule                                     
0001bab1  I2C_enableModule                                      
0001babd  PCM_getPowerState                                     
0001bac9  SysCtl_getNMISourceStatus                             
0001bad5  UART_enableModule                                     
0001bae1  __TI_zero_init                                        
0001baed  LCD_Write_Data_Start                                  
0001baf7  EUSCI_A_SPI_enableInterrupt                           
0001baff  EUSCI_B_SPI_enableInterrupt                           
0001bb07  I2C_enableInterrupt                                   
0001bb0f  PCM_setCoreVoltageLevel                               
0001bb17  PCM_setPowerMode                                      
0001bb1f  PCM_setPowerState                                     
0001bb29  __aeabi_errno_addr                                    
0001bb31  CS_startHFXT                                          
0001bb37  EUSCI_A_SPI_receiveData                               
0001bb3d  EUSCI_B_SPI_receiveData                               
0001bb43  I2C_getEnabledInterruptStatus                         
0001bb49  I2C_getInterruptStatus                                
0001bb4f  I2C_masterReceiveMultiByteNext                        
0001bb55  SysCtlDelay                                           
0001bb5b  CPU_wfi                                               
0001bb5f  EUSCI_A_SPI_transmitData                              
0001bb63  EUSCI_B_SPI_transmitData                              
0001bb67  I2C_setSlaveAddress                                   
0001bb6b  _system_pre_init                                      
0001bb6f  C$$EXIT                                               
0001bb6f  abort                                                 
0001c164  _ctypes_                                              
0001c3a8  _SlActionLookupTable                                  
0001c478  g_H2NCnysPattern                                      
0001c480  g_H2NSyncPattern                                      
0001c4ba  _SlAcceptCmdCtrl                                      
0001c4be  _SlDeviceGetCmdCtrl                                   
0001c4c2  _SlDeviceSetCmdCtrl                                   
0001c4c6  _SlEventMaskGetCmdCtrl                                
0001c4ca  _SlEventMaskSetCmdCtrl                                
0001c4ce  _SlGetHostByNameCtrl                                  
0001c4d2  _SlGetHostByServiceCtrl                               
0001c4d6  _SlGetServiceListeCtrl                                
0001c4da  _SlGetSockOptCmdCtrl                                  
0001c4de  _SlListenCmdCtrl                                      
0001c4e2  _SlNetAppGetCmdCtrl                                   
0001c4e6  _SlNetAppSendTokenValueCmdCtrl                        
0001c4ea  _SlNetAppSetCmdCtrl                                   
0001c4ee  _SlNetAppStartCtrl                                    
0001c4f2  _SlNetAppStopCtrl                                     
0001c4f6  _SlNetCfgGetCmdCtrl                                   
0001c4fa  _SlNetCfgSetCmdCtrl                                   
0001c4fe  _SlPolicyGetCmdCtrl                                   
0001c502  _SlPolicySetCmdCtrl                                   
0001c506  _SlProfileDelCmdCtrl                                  
0001c50a  _SlProfileGetCmdCtrl                                  
0001c50e  _SlRecvCmdCtrl                                        
0001c512  _SlRecvfomCmdCtrl                                     
0001c516  _SlRegisterServiceCtrl                                
0001c51a  _SlRxFilterAddtCmdCtrl                                
0001c51e  _SlRxFilterGetCmdCtrl                                 
0001c522  _SlRxFilterSetCmdCtrl                                 
0001c526  _SlSelectCmdCtrl                                      
0001c52a  _SlSendCmdCtrl                                        
0001c52e  _SlSetSockOptCmdCtrl                                  
0001c532  _SlSmartConfigStartCmdCtrl                            
0001c536  _SlSockCloseCmdCtrl                                   
0001c53a  _SlSockSocketCmdCtrl                                  
0001c53e  _SlStopCmdCtrl                                        
0001c542  _SlWlanCfgGetCmdCtrl                                  
0001c546  _SlWlanCfgSetCmdCtrl                                  
0001c54a  _SlWlanGetNetworkListCtrl                             
0001c54e  _SlWlanSetModeCmdCtrl                                 
0001c5b0  __TI_Handler_Table_Base                               
0001c5bc  __TI_Handler_Table_Limit                              
0001c5c8  __TI_CINIT_Base                                       
0001c5d8  __TI_CINIT_Limit                                      
20000000  __start___llvm_prf_cnts                               
20000000  __stop___llvm_prf_cnts                                
2000bbf4  accel_fifo                                            
2000bf60  gyro_fifo                                             
2000c2cc  mag_fifo                                              
2000c638  g_StatMem                                             
2000c79c  __CIOBUF_                                             
2000ca4c  Game                                                  
2000cb30  bme280                                                
2000cb6c  g__SlNonOsCB                                          
2000cb94  s_bmi160                                              
2000cbc2  Self                                                  
2000cbcc  parmbuf                                               
2000cbd4  accelxyz                                              
2000cbda  gyroxyz                                               
2000cbf0  ButtonFunction                                        
2000cbf4  CurrentlyRunningThread                                
2000cbf8  LcdSemaphore                                          
2000cbfc  LedSemaphore                                          
2000cc00  SystemTime                                            
2000cc04  UdpSemaphore                                          
2000cc08  g_ui32ByteCount                                       
2000cc14  pData                                                 
2000cc1b  GameOver                                              
2000cc1e  IntIsMasked                                           
2000cc1f  ReadyFlag                                             
2000cc20  ui8DummyRead                                          
2000cc21  ui8Status                                             
2000cc24  v_fifo_data_u8                                        
2000d054  g_Status                                              
2000d058  retVal                                                
2000d05c  receivedAlready                                       
2000d060  transmitedAlready                                     
2000d064  SockIDRx                                              
2000d066  SockIDTx                                              
2000d068  i2cConfig                                             
2000d07c  g_pCB                                                 
2000d080  pPingCallBackFunc                                     
2000d084  gFirstCmdMode                                         
2000d085  burstMode                                             
2000d088  _lock                                                 
2000d08c  _unlock                                               
2000d090  V_bmm150_maual_auto_condition_u8                      
2000d094  V_fifo_time_U32                                       
2000d098  tName                                                 
2000d0a0  pIraEventHandler                                      
2000d0a4  errno                                                 
2000d0ac  SystemCoreClock                                       
2000fe00  __stack                                               
20010000  __STACK_END                                           
4000480c  WDTCTL_SYM                                            
ffffffff  __TI_pprof_out_hndl                                   
ffffffff  __TI_prof_data_size                                   
ffffffff  __TI_prof_data_start                                  
ffffffff  __binit__                                             
ffffffff  __c_args__                                            
ffffffff  binit                                                 
UNDEFED   __mpu_init                                            
UNDEFED   _system_post_cinit                                    

[901 symbols]
