<?xml version="1.0" encoding="ISO-8859-1" ?>
<link_info>
   <banner>TI ARM Linker PC v19.6.0.STS</banner>
   <copyright>Copyright (c) 1996-2018 Texas Instruments Incorporated</copyright>
   <link_time>0x5ea0b41a</link_time>
   <link_errors>0x0</link_errors>
   <output_file>Lab5.2.out</output_file>
   <entry_point>
      <name>_c_int00_noargs</name>
      <address>0x1b4d9</address>
   </entry_point>
   <input_file_list>
      <input_file id="fl-2">
         <path>.\</path>
         <kind>object</kind>
         <file>startup_msp432p401r_ccs.obj</file>
         <name>startup_msp432p401r_ccs.obj</name>
      </input_file>
      <input_file id="fl-3">
         <path>.\</path>
         <kind>object</kind>
         <file>system_msp432p401r.obj</file>
         <name>system_msp432p401r.obj</name>
      </input_file>
      <input_file id="fl-4">
         <path>.\BoardSupportPackage\src\</path>
         <kind>object</kind>
         <file>AsciiLib.obj</file>
         <name>AsciiLib.obj</name>
      </input_file>
      <input_file id="fl-5">
         <path>.\BoardSupportPackage\src\</path>
         <kind>object</kind>
         <file>BSP.obj</file>
         <name>BSP.obj</name>
      </input_file>
      <input_file id="fl-6">
         <path>.\BoardSupportPackage\src\</path>
         <kind>object</kind>
         <file>BackChannelUart.obj</file>
         <name>BackChannelUart.obj</name>
      </input_file>
      <input_file id="fl-7">
         <path>.\BoardSupportPackage\src\</path>
         <kind>object</kind>
         <file>ClockSys.obj</file>
         <name>ClockSys.obj</name>
      </input_file>
      <input_file id="fl-8">
         <path>.\BoardSupportPackage\src\</path>
         <kind>object</kind>
         <file>Joystick.obj</file>
         <name>Joystick.obj</name>
      </input_file>
      <input_file id="fl-9">
         <path>.\BoardSupportPackage\src\</path>
         <kind>object</kind>
         <file>LCDLib.obj</file>
         <name>LCDLib.obj</name>
      </input_file>
      <input_file id="fl-a">
         <path>.\BoardSupportPackage\src\</path>
         <kind>object</kind>
         <file>RGBLeds.obj</file>
         <name>RGBLeds.obj</name>
      </input_file>
      <input_file id="fl-b">
         <path>.\BoardSupportPackage\src\</path>
         <kind>object</kind>
         <file>bme280.obj</file>
         <name>bme280.obj</name>
      </input_file>
      <input_file id="fl-c">
         <path>.\BoardSupportPackage\src\</path>
         <kind>object</kind>
         <file>bme280_support.obj</file>
         <name>bme280_support.obj</name>
      </input_file>
      <input_file id="fl-d">
         <path>.\BoardSupportPackage\src\</path>
         <kind>object</kind>
         <file>bmi160.obj</file>
         <name>bmi160.obj</name>
      </input_file>
      <input_file id="fl-e">
         <path>.\BoardSupportPackage\src\</path>
         <kind>object</kind>
         <file>bmi160_support.obj</file>
         <name>bmi160_support.obj</name>
      </input_file>
      <input_file id="fl-f">
         <path>.\BoardSupportPackage\src\</path>
         <kind>object</kind>
         <file>demo_sysctl.obj</file>
         <name>demo_sysctl.obj</name>
      </input_file>
      <input_file id="fl-10">
         <path>.\BoardSupportPackage\src\</path>
         <kind>object</kind>
         <file>i2c_driver.obj</file>
         <name>i2c_driver.obj</name>
      </input_file>
      <input_file id="fl-11">
         <path>.\BoardSupportPackage\src\</path>
         <kind>object</kind>
         <file>opt3001.obj</file>
         <name>opt3001.obj</name>
      </input_file>
      <input_file id="fl-12">
         <path>.\BoardSupportPackage\src\</path>
         <kind>object</kind>
         <file>tmp007.obj</file>
         <name>tmp007.obj</name>
      </input_file>
      <input_file id="fl-13">
         <path>.\CC3100SupportPackage\board\</path>
         <kind>object</kind>
         <file>board.obj</file>
         <name>board.obj</name>
      </input_file>
      <input_file id="fl-14">
         <path>.\CC3100SupportPackage\cc3100_usage\</path>
         <kind>object</kind>
         <file>cc3100_usage.obj</file>
         <name>cc3100_usage.obj</name>
      </input_file>
      <input_file id="fl-15">
         <path>.\CC3100SupportPackage\simplelink\source\</path>
         <kind>object</kind>
         <file>device.obj</file>
         <name>device.obj</name>
      </input_file>
      <input_file id="fl-16">
         <path>.\CC3100SupportPackage\simplelink\source\</path>
         <kind>object</kind>
         <file>driver.obj</file>
         <name>driver.obj</name>
      </input_file>
      <input_file id="fl-17">
         <path>.\CC3100SupportPackage\simplelink\source\</path>
         <kind>object</kind>
         <file>flowcont.obj</file>
         <name>flowcont.obj</name>
      </input_file>
      <input_file id="fl-18">
         <path>.\CC3100SupportPackage\simplelink\source\</path>
         <kind>object</kind>
         <file>fs.obj</file>
         <name>fs.obj</name>
      </input_file>
      <input_file id="fl-19">
         <path>.\CC3100SupportPackage\simplelink\source\</path>
         <kind>object</kind>
         <file>netapp.obj</file>
         <name>netapp.obj</name>
      </input_file>
      <input_file id="fl-1a">
         <path>.\CC3100SupportPackage\simplelink\source\</path>
         <kind>object</kind>
         <file>netcfg.obj</file>
         <name>netcfg.obj</name>
      </input_file>
      <input_file id="fl-1b">
         <path>.\CC3100SupportPackage\simplelink\source\</path>
         <kind>object</kind>
         <file>nonos.obj</file>
         <name>nonos.obj</name>
      </input_file>
      <input_file id="fl-1c">
         <path>.\CC3100SupportPackage\simplelink\source\</path>
         <kind>object</kind>
         <file>socket.obj</file>
         <name>socket.obj</name>
      </input_file>
      <input_file id="fl-1d">
         <path>.\CC3100SupportPackage\simplelink\source\</path>
         <kind>object</kind>
         <file>spawn.obj</file>
         <name>spawn.obj</name>
      </input_file>
      <input_file id="fl-1e">
         <path>.\CC3100SupportPackage\simplelink\source\</path>
         <kind>object</kind>
         <file>wlan.obj</file>
         <name>wlan.obj</name>
      </input_file>
      <input_file id="fl-1f">
         <path>.\CC3100SupportPackage\spi_cc3100\</path>
         <kind>object</kind>
         <file>spi_cc3100.obj</file>
         <name>spi_cc3100.obj</name>
      </input_file>
      <input_file id="fl-20">
         <path>.\G8RTOS_Empty_Lab2\</path>
         <kind>object</kind>
         <file>G8RTOS_CriticalSection.obj</file>
         <name>G8RTOS_CriticalSection.obj</name>
      </input_file>
      <input_file id="fl-21">
         <path>.\G8RTOS_Empty_Lab2\</path>
         <kind>object</kind>
         <file>G8RTOS_IPC.obj</file>
         <name>G8RTOS_IPC.obj</name>
      </input_file>
      <input_file id="fl-22">
         <path>.\G8RTOS_Empty_Lab2\</path>
         <kind>object</kind>
         <file>G8RTOS_Scheduler.obj</file>
         <name>G8RTOS_Scheduler.obj</name>
      </input_file>
      <input_file id="fl-23">
         <path>.\G8RTOS_Empty_Lab2\</path>
         <kind>object</kind>
         <file>G8RTOS_SchedulerASM.obj</file>
         <name>G8RTOS_SchedulerASM.obj</name>
      </input_file>
      <input_file id="fl-24">
         <path>.\G8RTOS_Empty_Lab2\</path>
         <kind>object</kind>
         <file>G8RTOS_Semaphores.obj</file>
         <name>G8RTOS_Semaphores.obj</name>
      </input_file>
      <input_file id="fl-25">
         <path>.\lab5_src_control\</path>
         <kind>object</kind>
         <file>Game.obj</file>
         <name>Game.obj</name>
      </input_file>
      <input_file id="fl-26">
         <path>.\lab5_src_control\</path>
         <kind>object</kind>
         <file>main.obj</file>
         <name>main.obj</name>
      </input_file>
      <input_file id="fl-2b">
         <kind>object</kind>
         <file>&lt;internal&gt;</file>
         <name>&lt;internal&gt;</name>
      </input_file>
      <input_file id="fl-2c">
         <path>..\BoardSupportPackage\DriverLib\</path>
         <kind>archive</kind>
         <file>msp432p4xx_driverlib.lib</file>
         <name>cs.o</name>
      </input_file>
      <input_file id="fl-2d">
         <path>..\BoardSupportPackage\DriverLib\</path>
         <kind>archive</kind>
         <file>msp432p4xx_driverlib.lib</file>
         <name>flash.o</name>
      </input_file>
      <input_file id="fl-2e">
         <path>..\BoardSupportPackage\DriverLib\</path>
         <kind>archive</kind>
         <file>msp432p4xx_driverlib.lib</file>
         <name>gpio.o</name>
      </input_file>
      <input_file id="fl-2f">
         <path>..\BoardSupportPackage\DriverLib\</path>
         <kind>archive</kind>
         <file>msp432p4xx_driverlib.lib</file>
         <name>i2c.o</name>
      </input_file>
      <input_file id="fl-30">
         <path>..\BoardSupportPackage\DriverLib\</path>
         <kind>archive</kind>
         <file>msp432p4xx_driverlib.lib</file>
         <name>interrupt.o</name>
      </input_file>
      <input_file id="fl-31">
         <path>..\BoardSupportPackage\DriverLib\</path>
         <kind>archive</kind>
         <file>msp432p4xx_driverlib.lib</file>
         <name>pcm.o</name>
      </input_file>
      <input_file id="fl-32">
         <path>..\BoardSupportPackage\DriverLib\</path>
         <kind>archive</kind>
         <file>msp432p4xx_driverlib.lib</file>
         <name>rtc_c.o</name>
      </input_file>
      <input_file id="fl-33">
         <path>..\BoardSupportPackage\DriverLib\</path>
         <kind>archive</kind>
         <file>msp432p4xx_driverlib.lib</file>
         <name>spi.o</name>
      </input_file>
      <input_file id="fl-34">
         <path>..\BoardSupportPackage\DriverLib\</path>
         <kind>archive</kind>
         <file>msp432p4xx_driverlib.lib</file>
         <name>sysctl.o</name>
      </input_file>
      <input_file id="fl-35">
         <path>..\BoardSupportPackage\DriverLib\</path>
         <kind>archive</kind>
         <file>msp432p4xx_driverlib.lib</file>
         <name>systick.o</name>
      </input_file>
      <input_file id="fl-36">
         <path>..\BoardSupportPackage\DriverLib\</path>
         <kind>archive</kind>
         <file>msp432p4xx_driverlib.lib</file>
         <name>uart.o</name>
      </input_file>
      <input_file id="fl-37">
         <path>..\BoardSupportPackage\DriverLib\</path>
         <kind>archive</kind>
         <file>msp432p4xx_driverlib.lib</file>
         <name>wdt_a.o</name>
      </input_file>
      <input_file id="fl-38">
         <path>..\BoardSupportPackage\DriverLib\</path>
         <kind>archive</kind>
         <file>msp432p4xx_driverlib.lib</file>
         <name>cpu.o</name>
      </input_file>
      <input_file id="fl-ee">
         <path>C:\ti\ccsv7\tools\compiler\ti-cgt-arm_19.6.0.STS\lib\</path>
         <kind>archive</kind>
         <file>rtsv7M4_T_le_v4SPD16_eabi.lib</file>
         <name>snprintf.c.obj</name>
      </input_file>
      <input_file id="fl-ef">
         <path>C:\ti\ccsv7\tools\compiler\ti-cgt-arm_19.6.0.STS\lib\</path>
         <kind>archive</kind>
         <file>rtsv7M4_T_le_v4SPD16_eabi.lib</file>
         <name>ll_div_t2.asm.obj</name>
      </input_file>
      <input_file id="fl-f0">
         <path>C:\ti\ccsv7\tools\compiler\ti-cgt-arm_19.6.0.STS\lib\</path>
         <kind>archive</kind>
         <file>rtsv7M4_T_le_v4SPD16_eabi.lib</file>
         <name>ull_div_t2.asm.obj</name>
      </input_file>
      <input_file id="fl-f1">
         <path>C:\ti\ccsv7\tools\compiler\ti-cgt-arm_19.6.0.STS\lib\</path>
         <kind>archive</kind>
         <file>rtsv7M4_T_le_v4SPD16_eabi.lib</file>
         <name>ll_mul_t2.asm.obj</name>
      </input_file>
      <input_file id="fl-f2">
         <path>C:\ti\ccsv7\tools\compiler\ti-cgt-arm_19.6.0.STS\lib\</path>
         <kind>archive</kind>
         <file>rtsv7M4_T_le_v4SPD16_eabi.lib</file>
         <name>memcpy_t2.asm.obj</name>
      </input_file>
      <input_file id="fl-f3">
         <path>C:\ti\ccsv7\tools\compiler\ti-cgt-arm_19.6.0.STS\lib\</path>
         <kind>archive</kind>
         <file>rtsv7M4_T_le_v4SPD16_eabi.lib</file>
         <name>memset_t2.asm.obj</name>
      </input_file>
      <input_file id="fl-f4">
         <path>C:\ti\ccsv7\tools\compiler\ti-cgt-arm_19.6.0.STS\lib\</path>
         <kind>archive</kind>
         <file>rtsv7M4_T_le_v4SPD16_eabi.lib</file>
         <name>copy_zero_init.c.obj</name>
      </input_file>
      <input_file id="fl-f5">
         <path>C:\ti\ccsv7\tools\compiler\ti-cgt-arm_19.6.0.STS\lib\</path>
         <kind>archive</kind>
         <file>rtsv7M4_T_le_v4SPD16_eabi.lib</file>
         <name>copy_decompress_none.c.obj</name>
      </input_file>
      <input_file id="fl-f6">
         <path>C:\ti\ccsv7\tools\compiler\ti-cgt-arm_19.6.0.STS\lib\</path>
         <kind>archive</kind>
         <file>rtsv7M4_T_le_v4SPD16_eabi.lib</file>
         <name>copy_decompress_lzss.c.obj</name>
      </input_file>
      <input_file id="fl-f7">
         <path>C:\ti\ccsv7\tools\compiler\ti-cgt-arm_19.6.0.STS\lib\</path>
         <kind>archive</kind>
         <file>rtsv7M4_T_le_v4SPD16_eabi.lib</file>
         <name>rand.c.obj</name>
      </input_file>
      <input_file id="fl-f8">
         <path>C:\ti\ccsv7\tools\compiler\ti-cgt-arm_19.6.0.STS\lib\</path>
         <kind>archive</kind>
         <file>rtsv7M4_T_le_v4SPD16_eabi.lib</file>
         <name>strlen.c.obj</name>
      </input_file>
      <input_file id="fl-f9">
         <path>C:\ti\ccsv7\tools\compiler\ti-cgt-arm_19.6.0.STS\lib\</path>
         <kind>archive</kind>
         <file>rtsv7M4_T_le_v4SPD16_eabi.lib</file>
         <name>boot_cortex_m.c.obj</name>
      </input_file>
      <input_file id="fl-fa">
         <path>C:\ti\ccsv7\tools\compiler\ti-cgt-arm_19.6.0.STS\lib\</path>
         <kind>archive</kind>
         <file>rtsv7M4_T_le_v4SPD16_eabi.lib</file>
         <name>time.c.obj</name>
      </input_file>
      <input_file id="fl-fb">
         <path>C:\ti\ccsv7\tools\compiler\ti-cgt-arm_19.6.0.STS\lib\</path>
         <kind>archive</kind>
         <file>rtsv7M4_T_le_v4SPD16_eabi.lib</file>
         <name>_printfi.c.obj</name>
      </input_file>
      <input_file id="fl-fc">
         <path>C:\ti\ccsv7\tools\compiler\ti-cgt-arm_19.6.0.STS\lib\</path>
         <kind>archive</kind>
         <file>rtsv7M4_T_le_v4SPD16_eabi.lib</file>
         <name>s_frexp.c.obj</name>
      </input_file>
      <input_file id="fl-fd">
         <path>C:\ti\ccsv7\tools\compiler\ti-cgt-arm_19.6.0.STS\lib\</path>
         <kind>archive</kind>
         <file>rtsv7M4_T_le_v4SPD16_eabi.lib</file>
         <name>s_scalbn.c.obj</name>
      </input_file>
      <input_file id="fl-fe">
         <path>C:\ti\ccsv7\tools\compiler\ti-cgt-arm_19.6.0.STS\lib\</path>
         <kind>archive</kind>
         <file>rtsv7M4_T_le_v4SPD16_eabi.lib</file>
         <name>wcslen.c.obj</name>
      </input_file>
      <input_file id="fl-ff">
         <path>C:\ti\ccsv7\tools\compiler\ti-cgt-arm_19.6.0.STS\lib\</path>
         <kind>archive</kind>
         <file>rtsv7M4_T_le_v4SPD16_eabi.lib</file>
         <name>div0.asm.obj</name>
      </input_file>
      <input_file id="fl-100">
         <path>C:\ti\ccsv7\tools\compiler\ti-cgt-arm_19.6.0.STS\lib\</path>
         <kind>archive</kind>
         <file>rtsv7M4_T_le_v4SPD16_eabi.lib</file>
         <name>fd_add_t2.asm.obj</name>
      </input_file>
      <input_file id="fl-101">
         <path>C:\ti\ccsv7\tools\compiler\ti-cgt-arm_19.6.0.STS\lib\</path>
         <kind>archive</kind>
         <file>rtsv7M4_T_le_v4SPD16_eabi.lib</file>
         <name>fd_cmp_t2.asm.obj</name>
      </input_file>
      <input_file id="fl-102">
         <path>C:\ti\ccsv7\tools\compiler\ti-cgt-arm_19.6.0.STS\lib\</path>
         <kind>archive</kind>
         <file>rtsv7M4_T_le_v4SPD16_eabi.lib</file>
         <name>fd_div_t2.asm.obj</name>
      </input_file>
      <input_file id="fl-103">
         <path>C:\ti\ccsv7\tools\compiler\ti-cgt-arm_19.6.0.STS\lib\</path>
         <kind>archive</kind>
         <file>rtsv7M4_T_le_v4SPD16_eabi.lib</file>
         <name>fd_mul_t2.asm.obj</name>
      </input_file>
      <input_file id="fl-104">
         <path>C:\ti\ccsv7\tools\compiler\ti-cgt-arm_19.6.0.STS\lib\</path>
         <kind>archive</kind>
         <file>rtsv7M4_T_le_v4SPD16_eabi.lib</file>
         <name>fd_toi_t2.asm.obj</name>
      </input_file>
      <input_file id="fl-105">
         <path>C:\ti\ccsv7\tools\compiler\ti-cgt-arm_19.6.0.STS\lib\</path>
         <kind>archive</kind>
         <file>rtsv7M4_T_le_v4SPD16_eabi.lib</file>
         <name>i_tofd_t2.asm.obj</name>
      </input_file>
      <input_file id="fl-106">
         <path>C:\ti\ccsv7\tools\compiler\ti-cgt-arm_19.6.0.STS\lib\</path>
         <kind>archive</kind>
         <file>rtsv7M4_T_le_v4SPD16_eabi.lib</file>
         <name>autoinit.c.obj</name>
      </input_file>
      <input_file id="fl-107">
         <path>C:\ti\ccsv7\tools\compiler\ti-cgt-arm_19.6.0.STS\lib\</path>
         <kind>archive</kind>
         <file>rtsv7M4_T_le_v4SPD16_eabi.lib</file>
         <name>pre_init.c.obj</name>
      </input_file>
      <input_file id="fl-108">
         <path>C:\ti\ccsv7\tools\compiler\ti-cgt-arm_19.6.0.STS\lib\</path>
         <kind>archive</kind>
         <file>rtsv7M4_T_le_v4SPD16_eabi.lib</file>
         <name>cpy_tbl.c.obj</name>
      </input_file>
      <input_file id="fl-109">
         <path>C:\ti\ccsv7\tools\compiler\ti-cgt-arm_19.6.0.STS\lib\</path>
         <kind>archive</kind>
         <file>rtsv7M4_T_le_v4SPD16_eabi.lib</file>
         <name>exit.c.obj</name>
      </input_file>
      <input_file id="fl-10a">
         <path>C:\ti\ccsv7\tools\compiler\ti-cgt-arm_19.6.0.STS\lib\</path>
         <kind>archive</kind>
         <file>rtsv7M4_T_le_v4SPD16_eabi.lib</file>
         <name>_lock.c.obj</name>
      </input_file>
      <input_file id="fl-10b">
         <path>C:\ti\ccsv7\tools\compiler\ti-cgt-arm_19.6.0.STS\lib\</path>
         <kind>archive</kind>
         <file>rtsv7M4_T_le_v4SPD16_eabi.lib</file>
         <name>_ltoa.c.obj</name>
      </input_file>
      <input_file id="fl-10c">
         <path>C:\ti\ccsv7\tools\compiler\ti-cgt-arm_19.6.0.STS\lib\</path>
         <kind>archive</kind>
         <file>rtsv7M4_T_le_v4SPD16_eabi.lib</file>
         <name>args_main.c.obj</name>
      </input_file>
      <input_file id="fl-10d">
         <path>C:\ti\ccsv7\tools\compiler\ti-cgt-arm_19.6.0.STS\lib\</path>
         <kind>archive</kind>
         <file>rtsv7M4_T_le_v4SPD16_eabi.lib</file>
         <name>atoi.c.obj</name>
      </input_file>
      <input_file id="fl-10e">
         <path>C:\ti\ccsv7\tools\compiler\ti-cgt-arm_19.6.0.STS\lib\</path>
         <kind>archive</kind>
         <file>rtsv7M4_T_le_v4SPD16_eabi.lib</file>
         <name>ctype.c.obj</name>
      </input_file>
      <input_file id="fl-10f">
         <path>C:\ti\ccsv7\tools\compiler\ti-cgt-arm_19.6.0.STS\lib\</path>
         <kind>archive</kind>
         <file>rtsv7M4_T_le_v4SPD16_eabi.lib</file>
         <name>memccpy.c.obj</name>
      </input_file>
      <input_file id="fl-110">
         <path>C:\ti\ccsv7\tools\compiler\ti-cgt-arm_19.6.0.STS\lib\</path>
         <kind>archive</kind>
         <file>rtsv7M4_T_le_v4SPD16_eabi.lib</file>
         <name>strchr.c.obj</name>
      </input_file>
      <input_file id="fl-111">
         <path>C:\ti\ccsv7\tools\compiler\ti-cgt-arm_19.6.0.STS\lib\</path>
         <kind>archive</kind>
         <file>rtsv7M4_T_le_v4SPD16_eabi.lib</file>
         <name>errno.c.obj</name>
      </input_file>
      <input_file id="fl-112">
         <path>C:\ti\ccsv7\tools\compiler\ti-cgt-arm_19.6.0.STS\lib\</path>
         <kind>archive</kind>
         <file>rtsv7M4_T_le_v4SPD16_eabi.lib</file>
         <name>hosttime.c.obj</name>
      </input_file>
      <input_file id="fl-113">
         <path>C:\ti\ccsv7\tools\compiler\ti-cgt-arm_19.6.0.STS\lib\</path>
         <kind>archive</kind>
         <file>rtsv7M4_T_le_v4SPD16_eabi.lib</file>
         <name>trgmsg.c.obj</name>
      </input_file>
      <input_file id="fl-114">
         <path>C:\ti\ccsv7\tools\compiler\ti-cgt-arm_19.6.0.STS\lib\</path>
         <kind>archive</kind>
         <file>rtsv7M4_T_le_v4SPD16_eabi.lib</file>
         <name>s_copysign.c.obj</name>
      </input_file>
      <input_file id="fl-115">
         <path>C:\ti\ccsv7\tools\compiler\ti-cgt-arm_19.6.0.STS\lib\</path>
         <kind>archive</kind>
         <file>rtsv7M4_T_le_v4SPD16_eabi.lib</file>
         <name>hostopen.c.obj</name>
      </input_file>
   </input_file_list>
   <object_component_list>
      <object_component id="oc-26">
         <name>.intvecs:retain</name>
         <load_address>0x0</load_address>
         <run_address>0x0</run_address>
         <size>0xe4</size>
         <input_file_ref idref="fl-2"/>
      </object_component>
      <object_component id="oc-3cd">
         <name>.text</name>
         <load_address>0xe4</load_address>
         <run_address>0xe4</run_address>
         <size>0xd5e0</size>
         <input_file_ref idref="fl-d"/>
      </object_component>
      <object_component id="oc-668">
         <name>.text</name>
         <load_address>0xd6c4</load_address>
         <run_address>0xd6c4</run_address>
         <size>0x2024</size>
         <input_file_ref idref="fl-16"/>
      </object_component>
      <object_component id="oc-3ed">
         <name>.text</name>
         <load_address>0xf6e8</load_address>
         <run_address>0xf6e8</run_address>
         <size>0x1810</size>
         <input_file_ref idref="fl-b"/>
      </object_component>
      <object_component id="oc-1e2">
         <name>.text</name>
         <load_address>0x10ef8</load_address>
         <run_address>0x10ef8</run_address>
         <size>0x1384</size>
         <input_file_ref idref="fl-25"/>
      </object_component>
      <object_component id="oc-4d5">
         <name>.text</name>
         <load_address>0x1227c</load_address>
         <run_address>0x1227c</run_address>
         <size>0xed4</size>
         <input_file_ref idref="fl-1c"/>
      </object_component>
      <object_component id="oc-26b">
         <name>.text</name>
         <load_address>0x13150</load_address>
         <run_address>0x13150</run_address>
         <size>0xc28</size>
         <input_file_ref idref="fl-e"/>
      </object_component>
      <object_component id="oc-4f6">
         <name>.text</name>
         <load_address>0x13d78</load_address>
         <run_address>0x13d78</run_address>
         <size>0xb44</size>
         <input_file_ref idref="fl-19"/>
      </object_component>
      <object_component id="oc-4ea">
         <name>.text</name>
         <load_address>0x148bc</load_address>
         <run_address>0x148bc</run_address>
         <size>0xac0</size>
         <input_file_ref idref="fl-1e"/>
      </object_component>
      <object_component id="oc-5c0">
         <name>.text:__TI_printfi</name>
         <load_address>0x1537c</load_address>
         <run_address>0x1537c</run_address>
         <size>0xa4e</size>
         <input_file_ref idref="fl-fb"/>
      </object_component>
      <object_component id="oc-529">
         <name>.text:_nop</name>
         <load_address>0x15dca</load_address>
         <run_address>0x15dca</run_address>
         <size>0x2</size>
         <input_file_ref idref="fl-10a"/>
      </object_component>
      <object_component id="oc-72">
         <name>.text</name>
         <load_address>0x15dcc</load_address>
         <run_address>0x15dcc</run_address>
         <size>0x6f4</size>
         <input_file_ref idref="fl-22"/>
      </object_component>
      <object_component id="oc-37d">
         <name>.text</name>
         <load_address>0x164c0</load_address>
         <run_address>0x164c0</run_address>
         <size>0x690</size>
         <input_file_ref idref="fl-14"/>
      </object_component>
      <object_component id="oc-1d1">
         <name>.text</name>
         <load_address>0x16b50</load_address>
         <run_address>0x16b50</run_address>
         <size>0x648</size>
         <input_file_ref idref="fl-9"/>
      </object_component>
      <object_component id="oc-4de">
         <name>.text</name>
         <load_address>0x17198</load_address>
         <run_address>0x17198</run_address>
         <size>0x5b4</size>
         <input_file_ref idref="fl-15"/>
      </object_component>
      <object_component id="oc-7e">
         <name>.text</name>
         <load_address>0x1774c</load_address>
         <run_address>0x1774c</run_address>
         <size>0x360</size>
         <input_file_ref idref="fl-10"/>
      </object_component>
      <object_component id="oc-78">
         <name>.text</name>
         <load_address>0x17aac</load_address>
         <run_address>0x17aac</run_address>
         <size>0x350</size>
         <input_file_ref idref="fl-13"/>
      </object_component>
      <object_component id="oc-bc">
         <name>.text</name>
         <load_address>0x17dfc</load_address>
         <run_address>0x17dfc</run_address>
         <size>0x334</size>
         <input_file_ref idref="fl-3"/>
      </object_component>
      <object_component id="oc-27d">
         <name>.text</name>
         <load_address>0x18130</load_address>
         <run_address>0x18130</run_address>
         <size>0x2f8</size>
         <input_file_ref idref="fl-6"/>
      </object_component>
      <object_component id="oc-277">
         <name>.text</name>
         <load_address>0x18428</load_address>
         <run_address>0x18428</run_address>
         <size>0x2e0</size>
         <input_file_ref idref="fl-c"/>
      </object_component>
      <object_component id="oc-7b2">
         <name>.text:_pconv_a</name>
         <load_address>0x18708</load_address>
         <run_address>0x18708</run_address>
         <size>0x270</size>
         <input_file_ref idref="fl-fb"/>
      </object_component>
      <object_component id="oc-265">
         <name>.text</name>
         <load_address>0x18978</load_address>
         <run_address>0x18978</run_address>
         <size>0x234</size>
         <input_file_ref idref="fl-12"/>
      </object_component>
      <object_component id="oc-6b0">
         <name>.text</name>
         <load_address>0x18bac</load_address>
         <run_address>0x18bac</run_address>
         <size>0x210</size>
         <input_file_ref idref="fl-1f"/>
      </object_component>
      <object_component id="oc-7a0">
         <name>.text:_pconv_g</name>
         <load_address>0x18dbc</load_address>
         <run_address>0x18dbc</run_address>
         <size>0x1d0</size>
         <input_file_ref idref="fl-fb"/>
      </object_component>
      <object_component id="oc-8b5">
         <name>.text</name>
         <load_address>0x18f8c</load_address>
         <run_address>0x18f8c</run_address>
         <size>0x1b6</size>
         <input_file_ref idref="fl-100"/>
      </object_component>
      <object_component id="oc-2bb">
         <name>.text:__PCM_setPowerStateAdvanced</name>
         <load_address>0x19142</load_address>
         <run_address>0x19142</run_address>
         <size>0x1a0</size>
         <input_file_ref idref="fl-31"/>
      </object_component>
      <object_component id="oc-77b">
         <name>.text</name>
         <load_address>0x192e2</load_address>
         <run_address>0x192e2</run_address>
         <size>0x2</size>
         <input_file_ref idref="fl-ff"/>
      </object_component>
      <object_component id="oc-271">
         <name>.text</name>
         <load_address>0x192e4</load_address>
         <run_address>0x192e4</run_address>
         <size>0x178</size>
         <input_file_ref idref="fl-8"/>
      </object_component>
      <object_component id="oc-283">
         <name>.text</name>
         <load_address>0x1945c</load_address>
         <run_address>0x1945c</run_address>
         <size>0x154</size>
         <input_file_ref idref="fl-a"/>
      </object_component>
      <object_component id="oc-7ac">
         <name>.text:_pconv_e</name>
         <load_address>0x195b0</load_address>
         <run_address>0x195b0</run_address>
         <size>0x13c</size>
         <input_file_ref idref="fl-fb"/>
      </object_component>
      <object_component id="oc-89b">
         <name>.text</name>
         <load_address>0x196ec</load_address>
         <run_address>0x196ec</run_address>
         <size>0x136</size>
         <input_file_ref idref="fl-102"/>
      </object_component>
      <object_component id="oc-4e4">
         <name>.text</name>
         <load_address>0x19824</load_address>
         <run_address>0x19824</run_address>
         <size>0x130</size>
         <input_file_ref idref="fl-1b"/>
      </object_component>
      <object_component id="oc-8c7">
         <name>.text:fcvt</name>
         <load_address>0x19954</load_address>
         <run_address>0x19954</run_address>
         <size>0x124</size>
         <input_file_ref idref="fl-fb"/>
      </object_component>
      <object_component id="oc-4f0">
         <name>.text</name>
         <load_address>0x19a78</load_address>
         <run_address>0x19a78</run_address>
         <size>0x110</size>
         <input_file_ref idref="fl-1a"/>
      </object_component>
      <object_component id="oc-8db">
         <name>.text:scalbn</name>
         <load_address>0x19b88</load_address>
         <run_address>0x19b88</run_address>
         <size>0x110</size>
         <input_file_ref idref="fl-fd"/>
      </object_component>
      <object_component id="oc-46e">
         <name>.text:CS_getDCOFrequency</name>
         <load_address>0x19c98</load_address>
         <run_address>0x19c98</run_address>
         <size>0x104</size>
         <input_file_ref idref="fl-2c"/>
      </object_component>
      <object_component id="oc-25f">
         <name>.text</name>
         <load_address>0x19d9c</load_address>
         <run_address>0x19d9c</run_address>
         <size>0xfe</size>
         <input_file_ref idref="fl-11"/>
      </object_component>
      <object_component id="oc-896">
         <name>.text</name>
         <load_address>0x19e9a</load_address>
         <run_address>0x19e9a</run_address>
         <size>0xfc</size>
         <input_file_ref idref="fl-103"/>
      </object_component>
      <object_component id="oc-136">
         <name>.text:CS_initClockSignal</name>
         <load_address>0x19f98</load_address>
         <run_address>0x19f98</run_address>
         <size>0xe0</size>
         <input_file_ref idref="fl-2c"/>
      </object_component>
      <object_component id="oc-45a">
         <name>.text:__PCM_setPowerModeAdvanced</name>
         <load_address>0x1a078</load_address>
         <run_address>0x1a078</run_address>
         <size>0xdc</size>
         <input_file_ref idref="fl-31"/>
      </object_component>
      <object_component id="oc-795">
         <name>.text:_ltostr</name>
         <load_address>0x1a154</load_address>
         <run_address>0x1a154</run_address>
         <size>0xb1</size>
         <input_file_ref idref="fl-fb"/>
      </object_component>
      <object_component id="oc-3b2">
         <name>.text:__PCM_setCoreVoltageLevelAdvanced</name>
         <load_address>0x1a208</load_address>
         <run_address>0x1a208</run_address>
         <size>0xb0</size>
         <input_file_ref idref="fl-31"/>
      </object_component>
      <object_component id="oc-32e">
         <name>.text:PutChar</name>
         <load_address>0x1a2b8</load_address>
         <run_address>0x1a2b8</run_address>
         <size>0xa4</size>
         <input_file_ref idref="fl-9"/>
      </object_component>
      <object_component id="oc-3b9">
         <name>.text:CS_startHFXTWithTimeout</name>
         <load_address>0x1a35c</load_address>
         <run_address>0x1a35c</run_address>
         <size>0x9c</size>
         <input_file_ref idref="fl-2c"/>
      </object_component>
      <object_component id="oc-2d2">
         <name>.text:_CSComputeCLKFrequency</name>
         <load_address>0x1a3f8</load_address>
         <run_address>0x1a3f8</run_address>
         <size>0x9c</size>
         <input_file_ref idref="fl-2c"/>
      </object_component>
      <object_component id="oc-37">
         <name>.text</name>
         <load_address>0x1a494</load_address>
         <run_address>0x1a494</run_address>
         <size>0x9c</size>
         <input_file_ref idref="fl-f2"/>
      </object_component>
      <object_component id="oc-1d7">
         <name>.text</name>
         <load_address>0x1a530</load_address>
         <run_address>0x1a530</run_address>
         <size>0x98</size>
         <input_file_ref idref="fl-24"/>
      </object_component>
      <object_component id="oc-780">
         <name>.text</name>
         <load_address>0x1a5c8</load_address>
         <run_address>0x1a5c8</run_address>
         <size>0x96</size>
         <input_file_ref idref="fl-f0"/>
      </object_component>
      <object_component id="oc-406">
         <name>.text:UART_initModule</name>
         <load_address>0x1a660</load_address>
         <run_address>0x1a660</run_address>
         <size>0x94</size>
         <input_file_ref idref="fl-36"/>
      </object_component>
      <object_component id="oc-2f9">
         <name>.text:SPI_initMaster</name>
         <load_address>0x1a6f4</load_address>
         <run_address>0x1a6f4</run_address>
         <size>0x88</size>
         <input_file_ref idref="fl-33"/>
      </object_component>
      <object_component id="oc-79b">
         <name>.text:__aeabi_cdcmple</name>
         <load_address>0x1a77c</load_address>
         <run_address>0x1a77c</run_address>
         <size>0x86</size>
         <input_file_ref idref="fl-101"/>
      </object_component>
      <object_component id="oc-8a0">
         <name>.text:__aeabi_cdrcmple</name>
         <load_address>0x1a802</load_address>
         <run_address>0x1a802</run_address>
         <size>0x86</size>
         <input_file_ref idref="fl-101"/>
      </object_component>
      <object_component id="oc-c7">
         <name>.text</name>
         <load_address>0x1a888</load_address>
         <run_address>0x1a888</run_address>
         <size>0x84</size>
         <input_file_ref idref="fl-7"/>
      </object_component>
      <object_component id="oc-7f3">
         <name>.text</name>
         <load_address>0x1a90c</load_address>
         <run_address>0x1a90c</run_address>
         <size>0x80</size>
         <input_file_ref idref="fl-17"/>
      </object_component>
      <object_component id="oc-448">
         <name>.text:PCM_gotoLPM3</name>
         <load_address>0x1a98c</load_address>
         <run_address>0x1a98c</run_address>
         <size>0x7c</size>
         <input_file_ref idref="fl-31"/>
      </object_component>
      <object_component id="oc-9e">
         <name>.text</name>
         <load_address>0x1aa08</load_address>
         <run_address>0x1aa08</run_address>
         <size>0x7a</size>
         <input_file_ref idref="fl-f3"/>
      </object_component>
      <object_component id="oc-569">
         <name>.text:_CSGetHFXTFrequency</name>
         <load_address>0x1aa84</load_address>
         <run_address>0x1aa84</run_address>
         <size>0x70</size>
         <input_file_ref idref="fl-2c"/>
      </object_component>
      <object_component id="oc-8c0">
         <name>.text:_mcpy</name>
         <load_address>0x1aaf4</load_address>
         <run_address>0x1aaf4</run_address>
         <size>0x6e</size>
         <input_file_ref idref="fl-fb"/>
      </object_component>
      <object_component id="oc-5b0">
         <name>.text</name>
         <load_address>0x1ab62</load_address>
         <run_address>0x1ab62</run_address>
         <size>0x6e</size>
         <input_file_ref idref="fl-ef"/>
      </object_component>
      <object_component id="oc-17">
         <name>.text:decompress:lzss:__TI_decompress_lzss</name>
         <load_address>0x1abd0</load_address>
         <run_address>0x1abd0</run_address>
         <size>0x68</size>
         <input_file_ref idref="fl-f6"/>
      </object_component>
      <object_component id="oc-112">
         <name>.text:Interrupt_disableInterrupt</name>
         <load_address>0x1ac38</load_address>
         <run_address>0x1ac38</run_address>
         <size>0x64</size>
         <input_file_ref idref="fl-30"/>
      </object_component>
      <object_component id="oc-100">
         <name>.text:Interrupt_enableInterrupt</name>
         <load_address>0x1ac9c</load_address>
         <run_address>0x1ac9c</run_address>
         <size>0x64</size>
         <input_file_ref idref="fl-30"/>
      </object_component>
      <object_component id="oc-8d5">
         <name>.text:frexp</name>
         <load_address>0x1ad00</load_address>
         <run_address>0x1ad00</run_address>
         <size>0x64</size>
         <input_file_ref idref="fl-fc"/>
      </object_component>
      <object_component id="oc-338">
         <name>.text:LCD_newReadData</name>
         <load_address>0x1ad64</load_address>
         <run_address>0x1ad64</run_address>
         <size>0x60</size>
         <input_file_ref idref="fl-9"/>
      </object_component>
      <object_component id="oc-6d">
         <name>.text</name>
         <load_address>0x1adc4</load_address>
         <run_address>0x1adc4</run_address>
         <size>0x58</size>
         <input_file_ref idref="fl-23"/>
      </object_component>
      <object_component id="oc-7a6">
         <name>.text:_pconv_f</name>
         <load_address>0x1ae1c</load_address>
         <run_address>0x1ae1c</run_address>
         <size>0x56</size>
         <input_file_ref idref="fl-fb"/>
      </object_component>
      <object_component id="oc-8aa">
         <name>.text:__TI_ltoa</name>
         <load_address>0x1ae72</load_address>
         <run_address>0x1ae72</run_address>
         <size>0x54</size>
         <input_file_ref idref="fl-10b"/>
      </object_component>
      <object_component id="oc-8ba">
         <name>.text:_ecpy</name>
         <load_address>0x1aec6</load_address>
         <run_address>0x1aec6</run_address>
         <size>0x52</size>
         <input_file_ref idref="fl-fb"/>
      </object_component>
      <object_component id="oc-454">
         <name>.text:PCM_shutdownDevice</name>
         <load_address>0x1af18</load_address>
         <run_address>0x1af18</run_address>
         <size>0x50</size>
         <input_file_ref idref="fl-31"/>
      </object_component>
      <object_component id="oc-615">
         <name>.text:SysCtl_getTLVInfo</name>
         <load_address>0x1af68</load_address>
         <run_address>0x1af68</run_address>
         <size>0x50</size>
         <input_file_ref idref="fl-34"/>
      </object_component>
      <object_component id="oc-118">
         <name>.text:GPIO_setAsPeripheralModuleFunctionOutputPin</name>
         <load_address>0x1afb8</load_address>
         <run_address>0x1afb8</run_address>
         <size>0x4c</size>
         <input_file_ref idref="fl-2e"/>
      </object_component>
      <object_component id="oc-60f">
         <name>.text:_CSGetDOCFrequency</name>
         <load_address>0x1b004</load_address>
         <run_address>0x1b004</run_address>
         <size>0x4c</size>
         <input_file_ref idref="fl-2c"/>
      </object_component>
      <object_component id="oc-78f">
         <name>.text:atoi</name>
         <load_address>0x1b050</load_address>
         <run_address>0x1b050</run_address>
         <size>0x4c</size>
         <input_file_ref idref="fl-10d"/>
      </object_component>
      <object_component id="oc-412">
         <name>.text:snprintf</name>
         <load_address>0x1b09c</load_address>
         <run_address>0x1b09c</run_address>
         <size>0x4c</size>
         <input_file_ref idref="fl-ee"/>
      </object_component>
      <object_component id="oc-400">
         <name>.text:GPIO_setAsPeripheralModuleFunctionInputPin</name>
         <load_address>0x1b0e8</load_address>
         <run_address>0x1b0e8</run_address>
         <size>0x48</size>
         <input_file_ref idref="fl-2e"/>
      </object_component>
      <object_component id="oc-4c3">
         <name>.text:HOSTtime</name>
         <load_address>0x1b130</load_address>
         <run_address>0x1b130</run_address>
         <size>0x48</size>
         <input_file_ref idref="fl-112"/>
      </object_component>
      <object_component id="oc-468">
         <name>.text:_CSGetDividerValue</name>
         <load_address>0x1b178</load_address>
         <run_address>0x1b178</run_address>
         <size>0x48</size>
         <input_file_ref idref="fl-2c"/>
      </object_component>
      <object_component id="oc-aa">
         <name>.text</name>
         <load_address>0x1b1c0</load_address>
         <run_address>0x1b1c0</run_address>
         <size>0x48</size>
         <input_file_ref idref="fl-26"/>
      </object_component>
      <object_component id="oc-8a5">
         <name>.text</name>
         <load_address>0x1b208</load_address>
         <run_address>0x1b208</run_address>
         <size>0x48</size>
         <input_file_ref idref="fl-104"/>
      </object_component>
      <object_component id="oc-4ab">
         <name>.text</name>
         <load_address>0x1b250</load_address>
         <run_address>0x1b250</run_address>
         <size>0x44</size>
         <input_file_ref idref="fl-4"/>
      </object_component>
      <object_component id="oc-1f8">
         <name>.text:__TI_auto_init_nobinit_nopinit:__TI_auto_init_nobinit_nopinit</name>
         <load_address>0x1b294</load_address>
         <run_address>0x1b294</run_address>
         <size>0x44</size>
         <input_file_ref idref="fl-106"/>
      </object_component>
      <object_component id="oc-4a4">
         <name>.text:LCD_WriteData</name>
         <load_address>0x1b2d8</load_address>
         <run_address>0x1b2d8</run_address>
         <size>0x40</size>
         <input_file_ref idref="fl-9"/>
      </object_component>
      <object_component id="oc-15a">
         <name>.text:I2C_initMaster</name>
         <load_address>0x1b318</load_address>
         <run_address>0x1b318</run_address>
         <size>0x3e</size>
         <input_file_ref idref="fl-2f"/>
      </object_component>
      <object_component id="oc-8cd">
         <name>.text:_fcpy</name>
         <load_address>0x1b356</load_address>
         <run_address>0x1b356</run_address>
         <size>0x3e</size>
         <input_file_ref idref="fl-fb"/>
      </object_component>
      <object_component id="oc-172">
         <name>.text:I2C_masterSendMultiByteStart</name>
         <load_address>0x1b394</load_address>
         <run_address>0x1b394</run_address>
         <size>0x38</size>
         <input_file_ref idref="fl-2f"/>
      </object_component>
      <object_component id="oc-33f">
         <name>.text:SPISendRecvByte</name>
         <load_address>0x1b3cc</load_address>
         <run_address>0x1b3cc</run_address>
         <size>0x38</size>
         <input_file_ref idref="fl-9"/>
      </object_component>
      <object_component id="oc-648">
         <name>.text:__TI_writemsg</name>
         <load_address>0x1b404</load_address>
         <run_address>0x1b404</run_address>
         <size>0x38</size>
         <input_file_ref idref="fl-113"/>
      </object_component>
      <object_component id="oc-d3">
         <name>.text</name>
         <load_address>0x1b43c</load_address>
         <run_address>0x1b43c</run_address>
         <size>0x34</size>
         <input_file_ref idref="fl-5"/>
      </object_component>
      <object_component id="oc-319">
         <name>.text:LCD_WriteIndex</name>
         <load_address>0x1b470</load_address>
         <run_address>0x1b470</run_address>
         <size>0x34</size>
         <input_file_ref idref="fl-9"/>
      </object_component>
      <object_component id="oc-64e">
         <name>.text:__TI_readmsg</name>
         <load_address>0x1b4a4</load_address>
         <run_address>0x1b4a4</run_address>
         <size>0x34</size>
         <input_file_ref idref="fl-113"/>
      </object_component>
      <object_component id="oc-55">
         <name>.text:_c_int00_noargs:_c_int00_noargs</name>
         <load_address>0x1b4d8</load_address>
         <run_address>0x1b4d8</run_address>
         <size>0x34</size>
         <input_file_ref idref="fl-f9"/>
      </object_component>
      <object_component id="oc-383">
         <name>.text:rand</name>
         <load_address>0x1b50c</load_address>
         <run_address>0x1b50c</run_address>
         <size>0x34</size>
         <input_file_ref idref="fl-f7"/>
      </object_component>
      <object_component id="oc-196">
         <name>.text:I2C_masterSendMultiByteStop</name>
         <load_address>0x1b540</load_address>
         <run_address>0x1b540</run_address>
         <size>0x30</size>
         <input_file_ref idref="fl-2f"/>
      </object_component>
      <object_component id="oc-5c6">
         <name>.text:_outs</name>
         <load_address>0x1b570</load_address>
         <run_address>0x1b570</run_address>
         <size>0x30</size>
         <input_file_ref idref="fl-ee"/>
      </object_component>
      <object_component id="oc-482">
         <name>.text:is_A_Module</name>
         <load_address>0x1b5a0</load_address>
         <run_address>0x1b5a0</run_address>
         <size>0x30</size>
         <input_file_ref idref="fl-33"/>
      </object_component>
      <object_component id="oc-8b0">
         <name>.text</name>
         <load_address>0x1b5d0</load_address>
         <run_address>0x1b5d0</run_address>
         <size>0x2e</size>
         <input_file_ref idref="fl-105"/>
      </object_component>
      <object_component id="oc-550">
         <name>.text:PCM_getCoreVoltageLevel</name>
         <load_address>0x1b5fe</load_address>
         <run_address>0x1b5fe</run_address>
         <size>0x2c</size>
         <input_file_ref idref="fl-31"/>
      </object_component>
      <object_component id="oc-54a">
         <name>.text:PCM_getPowerMode</name>
         <load_address>0x1b62a</load_address>
         <run_address>0x1b62a</run_address>
         <size>0x2a</size>
         <input_file_ref idref="fl-31"/>
      </object_component>
      <object_component id="oc-124">
         <name>.text:FlashCtl_setWaitState</name>
         <load_address>0x1b654</load_address>
         <run_address>0x1b654</run_address>
         <size>0x28</size>
         <input_file_ref idref="fl-2d"/>
      </object_component>
      <object_component id="oc-460">
         <name>.text:PCM_gotoLPM0</name>
         <load_address>0x1b67c</load_address>
         <run_address>0x1b67c</run_address>
         <size>0x28</size>
         <input_file_ref idref="fl-31"/>
      </object_component>
      <object_component id="oc-3d8">
         <name>.text</name>
         <load_address>0x1b6a4</load_address>
         <run_address>0x1b6a4</run_address>
         <size>0x26</size>
         <input_file_ref idref="fl-f"/>
      </object_component>
      <object_component id="oc-474">
         <name>.text:CS_clearInterruptFlag</name>
         <load_address>0x1b6cc</load_address>
         <run_address>0x1b6cc</run_address>
         <size>0x24</size>
         <input_file_ref idref="fl-2c"/>
      </object_component>
      <object_component id="oc-130">
         <name>.text:CS_setDCOCenteredFrequency</name>
         <load_address>0x1b6f0</load_address>
         <run_address>0x1b6f0</run_address>
         <size>0x24</size>
         <input_file_ref idref="fl-2c"/>
      </object_component>
      <object_component id="oc-1a2">
         <name>.text:I2C_masterSendMultiByteNext</name>
         <load_address>0x1b714</load_address>
         <run_address>0x1b714</run_address>
         <size>0x24</size>
         <input_file_ref idref="fl-2f"/>
      </object_component>
      <object_component id="oc-106">
         <name>.text:Interrupt_setPriority</name>
         <load_address>0x1b738</load_address>
         <run_address>0x1b738</run_address>
         <size>0x24</size>
         <input_file_ref idref="fl-30"/>
      </object_component>
      <object_component id="oc-602">
         <name>.text:RTC_C_holdClock</name>
         <load_address>0x1b75c</load_address>
         <run_address>0x1b75c</run_address>
         <size>0x24</size>
         <input_file_ref idref="fl-32"/>
      </object_component>
      <object_component id="oc-3fa">
         <name>.text:UART_transmitData</name>
         <load_address>0x1b780</load_address>
         <run_address>0x1b780</run_address>
         <size>0x24</size>
         <input_file_ref idref="fl-36"/>
      </object_component>
      <object_component id="oc-377">
         <name>.text:srand</name>
         <load_address>0x1b7a4</load_address>
         <run_address>0x1b7a4</run_address>
         <size>0x24</size>
         <input_file_ref idref="fl-f7"/>
      </object_component>
      <object_component id="oc-312">
         <name>.text:LCD_SetCursor</name>
         <load_address>0x1b7c8</load_address>
         <run_address>0x1b7c8</run_address>
         <size>0x20</size>
         <input_file_ref idref="fl-9"/>
      </object_component>
      <object_component id="oc-327">
         <name>.text:LCD_Write_Data_Only</name>
         <load_address>0x1b7e8</load_address>
         <run_address>0x1b7e8</run_address>
         <size>0x20</size>
         <input_file_ref idref="fl-9"/>
      </object_component>
      <object_component id="oc-305">
         <name>.text:SPI_enableInterrupt</name>
         <load_address>0x1b808</load_address>
         <run_address>0x1b808</run_address>
         <size>0x20</size>
         <input_file_ref idref="fl-33"/>
      </object_component>
      <object_component id="oc-4b3">
         <name>.text:SPI_transmitData</name>
         <load_address>0x1b828</load_address>
         <run_address>0x1b828</run_address>
         <size>0x20</size>
         <input_file_ref idref="fl-33"/>
      </object_component>
      <object_component id="oc-30b">
         <name>.text:LCD_WriteReg</name>
         <load_address>0x1b848</load_address>
         <run_address>0x1b848</run_address>
         <size>0x1c</size>
         <input_file_ref idref="fl-9"/>
      </object_component>
      <object_component id="oc-7b8">
         <name>.text:memccpy</name>
         <load_address>0x1b864</load_address>
         <run_address>0x1b864</run_address>
         <size>0x1c</size>
         <input_file_ref idref="fl-10f"/>
      </object_component>
      <object_component id="oc-2ff">
         <name>.text:SPI_enableModule</name>
         <load_address>0x1b880</load_address>
         <run_address>0x1b880</run_address>
         <size>0x1a</size>
         <input_file_ref idref="fl-33"/>
      </object_component>
      <object_component id="oc-4b9">
         <name>.text:SPI_receiveData</name>
         <load_address>0x1b89a</load_address>
         <run_address>0x1b89a</run_address>
         <size>0x1a</size>
         <input_file_ref idref="fl-33"/>
      </object_component>
      <object_component id="oc-92b">
         <name>.text:copysign</name>
         <load_address>0x1b8b4</load_address>
         <run_address>0x1b8b4</run_address>
         <size>0x1a</size>
         <input_file_ref idref="fl-114"/>
      </object_component>
      <object_component id="oc-24b">
         <name>.text:CS_getMCLK</name>
         <load_address>0x1b8d0</load_address>
         <run_address>0x1b8d0</run_address>
         <size>0x18</size>
         <input_file_ref idref="fl-2c"/>
      </object_component>
      <object_component id="oc-148">
         <name>.text:CS_getSMCLK</name>
         <load_address>0x1b8e8</load_address>
         <run_address>0x1b8e8</run_address>
         <size>0x18</size>
         <input_file_ref idref="fl-2c"/>
      </object_component>
      <object_component id="oc-253">
         <name>.text:WDT_A_clearTimer</name>
         <load_address>0x1b900</load_address>
         <run_address>0x1b900</run_address>
         <size>0x18</size>
         <input_file_ref idref="fl-37"/>
      </object_component>
      <object_component id="oc-259">
         <name>.text:WDT_A_holdTimer</name>
         <load_address>0x1b918</load_address>
         <run_address>0x1b918</run_address>
         <size>0x18</size>
         <input_file_ref idref="fl-37"/>
      </object_component>
      <object_component id="oc-5cc">
         <name>.text:_outc</name>
         <load_address>0x1b930</load_address>
         <run_address>0x1b930</run_address>
         <size>0x18</size>
         <input_file_ref idref="fl-ee"/>
      </object_component>
      <object_component id="oc-5ab">
         <name>.text</name>
         <load_address>0x1b948</load_address>
         <run_address>0x1b948</run_address>
         <size>0x18</size>
         <input_file_ref idref="fl-f1"/>
      </object_component>
      <object_component id="oc-8e1">
         <name>.text:strchr</name>
         <load_address>0x1b960</load_address>
         <run_address>0x1b960</run_address>
         <size>0x16</size>
         <input_file_ref idref="fl-110"/>
      </object_component>
      <object_component id="oc-11e">
         <name>.text:CS_setExternalClockSourceFrequency</name>
         <load_address>0x1b978</load_address>
         <run_address>0x1b978</run_address>
         <size>0x14</size>
         <input_file_ref idref="fl-2c"/>
      </object_component>
      <object_component id="oc-14e">
         <name>.text:I2C_isBusBusy</name>
         <load_address>0x1b98c</load_address>
         <run_address>0x1b98c</run_address>
         <size>0x14</size>
         <input_file_ref idref="fl-2f"/>
      </object_component>
      <object_component id="oc-cd">
         <name>.text:SysTick_enableInterrupt</name>
         <load_address>0x1b9a0</load_address>
         <run_address>0x1b9a0</run_address>
         <size>0x14</size>
         <input_file_ref idref="fl-35"/>
      </object_component>
      <object_component id="oc-4fc">
         <name>.text:strlen</name>
         <load_address>0x1b9b4</load_address>
         <run_address>0x1b9b4</run_address>
         <size>0x14</size>
         <input_file_ref idref="fl-f8"/>
      </object_component>
      <object_component id="oc-7be">
         <name>.text:wcslen</name>
         <load_address>0x1b9c8</load_address>
         <run_address>0x1b9c8</run_address>
         <size>0x12</size>
         <input_file_ref idref="fl-fe"/>
      </object_component>
      <object_component id="oc-184">
         <name>.text:I2C_masterReceiveStart</name>
         <load_address>0x1b9da</load_address>
         <run_address>0x1b9da</run_address>
         <size>0x10</size>
         <input_file_ref idref="fl-2f"/>
      </object_component>
      <object_component id="oc-10c">
         <name>.text:Interrupt_enableMaster</name>
         <load_address>0x1b9ea</load_address>
         <run_address>0x1b9ea</run_address>
         <size>0x10</size>
         <input_file_ref idref="fl-30"/>
      </object_component>
      <object_component id="oc-44e">
         <name>.text:PCM_gotoLPM4</name>
         <load_address>0x1b9fa</load_address>
         <run_address>0x1b9fa</run_address>
         <size>0x10</size>
         <input_file_ref idref="fl-31"/>
      </object_component>
      <object_component id="oc-563">
         <name>.text:SysCtl_disableNMISource</name>
         <load_address>0x1ba0c</load_address>
         <run_address>0x1ba0c</run_address>
         <size>0x10</size>
         <input_file_ref idref="fl-34"/>
      </object_component>
      <object_component id="oc-56f">
         <name>.text:SysCtl_enableNMISource</name>
         <load_address>0x1ba1c</load_address>
         <run_address>0x1ba1c</run_address>
         <size>0x10</size>
         <input_file_ref idref="fl-34"/>
      </object_component>
      <object_component id="oc-e0">
         <name>.text</name>
         <load_address>0x1ba2c</load_address>
         <run_address>0x1ba2c</run_address>
         <size>0xe</size>
         <input_file_ref idref="fl-20"/>
      </object_component>
      <object_component id="oc-190">
         <name>.text:I2C_clearInterruptFlag</name>
         <load_address>0x1ba3a</load_address>
         <run_address>0x1ba3a</run_address>
         <size>0xe</size>
         <input_file_ref idref="fl-2f"/>
      </object_component>
      <object_component id="oc-178">
         <name>.text:I2C_disableInterrupt</name>
         <load_address>0x1ba48</load_address>
         <run_address>0x1ba48</run_address>
         <size>0xe</size>
         <input_file_ref idref="fl-2f"/>
      </object_component>
      <object_component id="oc-371">
         <name>.text:__time32</name>
         <load_address>0x1ba56</load_address>
         <run_address>0x1ba56</run_address>
         <size>0xe</size>
         <input_file_ref idref="fl-fa"/>
      </object_component>
      <object_component id="oc-1d">
         <name>.text:decompress:none:__TI_decompress_none</name>
         <load_address>0x1ba64</load_address>
         <run_address>0x1ba64</run_address>
         <size>0xe</size>
         <input_file_ref idref="fl-f5"/>
      </object_component>
      <object_component id="oc-67">
         <name>.text</name>
         <load_address>0x1ba72</load_address>
         <run_address>0x1ba72</run_address>
         <size>0xe</size>
         <input_file_ref idref="fl-2"/>
      </object_component>
      <object_component id="oc-2a7">
         <name>.text:CPU_cpsie</name>
         <load_address>0x1ba80</load_address>
         <run_address>0x1ba80</run_address>
         <size>0xc</size>
         <input_file_ref idref="fl-38"/>
      </object_component>
      <object_component id="oc-490">
         <name>.text:EUSCI_A_SPI_enable</name>
         <load_address>0x1ba8c</load_address>
         <run_address>0x1ba8c</run_address>
         <size>0xc</size>
         <input_file_ref idref="fl-33"/>
      </object_component>
      <object_component id="oc-48a">
         <name>.text:EUSCI_B_SPI_enable</name>
         <load_address>0x1ba98</load_address>
         <run_address>0x1ba98</run_address>
         <size>0xc</size>
         <input_file_ref idref="fl-33"/>
      </object_component>
      <object_component id="oc-154">
         <name>.text:I2C_disableModule</name>
         <load_address>0x1baa4</load_address>
         <run_address>0x1baa4</run_address>
         <size>0xc</size>
         <input_file_ref idref="fl-2f"/>
      </object_component>
      <object_component id="oc-166">
         <name>.text:I2C_enableModule</name>
         <load_address>0x1bab0</load_address>
         <run_address>0x1bab0</run_address>
         <size>0xc</size>
         <input_file_ref idref="fl-2f"/>
      </object_component>
      <object_component id="oc-442">
         <name>.text:PCM_getPowerState</name>
         <load_address>0x1babc</load_address>
         <run_address>0x1babc</run_address>
         <size>0xc</size>
         <input_file_ref idref="fl-31"/>
      </object_component>
      <object_component id="oc-55d">
         <name>.text:SysCtl_getNMISourceStatus</name>
         <load_address>0x1bac8</load_address>
         <run_address>0x1bac8</run_address>
         <size>0xc</size>
         <input_file_ref idref="fl-34"/>
      </object_component>
      <object_component id="oc-40c">
         <name>.text:UART_enableModule</name>
         <load_address>0x1bad4</load_address>
         <run_address>0x1bad4</run_address>
         <size>0xc</size>
         <input_file_ref idref="fl-36"/>
      </object_component>
      <object_component id="oc-49">
         <name>.text:decompress:ZI:__TI_zero_init</name>
         <load_address>0x1bae0</load_address>
         <run_address>0x1bae0</run_address>
         <size>0xc</size>
         <input_file_ref idref="fl-f4"/>
      </object_component>
      <object_component id="oc-320">
         <name>.text:LCD_Write_Data_Start</name>
         <load_address>0x1baec</load_address>
         <run_address>0x1baec</run_address>
         <size>0xa</size>
         <input_file_ref idref="fl-9"/>
      </object_component>
      <object_component id="oc-49d">
         <name>.text:EUSCI_A_SPI_enableInterrupt</name>
         <load_address>0x1baf6</load_address>
         <run_address>0x1baf6</run_address>
         <size>0x8</size>
         <input_file_ref idref="fl-33"/>
      </object_component>
      <object_component id="oc-497">
         <name>.text:EUSCI_B_SPI_enableInterrupt</name>
         <load_address>0x1bafe</load_address>
         <run_address>0x1bafe</run_address>
         <size>0x8</size>
         <input_file_ref idref="fl-33"/>
      </object_component>
      <object_component id="oc-16c">
         <name>.text:I2C_enableInterrupt</name>
         <load_address>0x1bb06</load_address>
         <run_address>0x1bb06</run_address>
         <size>0x8</size>
         <input_file_ref idref="fl-2f"/>
      </object_component>
      <object_component id="oc-23f">
         <name>.text:PCM_setCoreVoltageLevel</name>
         <load_address>0x1bb0e</load_address>
         <run_address>0x1bb0e</run_address>
         <size>0x8</size>
         <input_file_ref idref="fl-31"/>
      </object_component>
      <object_component id="oc-556">
         <name>.text:PCM_setPowerMode</name>
         <load_address>0x1bb16</load_address>
         <run_address>0x1bb16</run_address>
         <size>0x8</size>
         <input_file_ref idref="fl-31"/>
      </object_component>
      <object_component id="oc-12a">
         <name>.text:PCM_setPowerState</name>
         <load_address>0x1bb1e</load_address>
         <run_address>0x1bb1e</run_address>
         <size>0x8</size>
         <input_file_ref idref="fl-31"/>
      </object_component>
      <object_component id="oc-7c4">
         <name>.text:__aeabi_errno_addr</name>
         <load_address>0x1bb28</load_address>
         <run_address>0x1bb28</run_address>
         <size>0x8</size>
         <input_file_ref idref="fl-111"/>
      </object_component>
      <object_component id="oc-245">
         <name>.text:CS_startHFXT</name>
         <load_address>0x1bb30</load_address>
         <run_address>0x1bb30</run_address>
         <size>0x6</size>
         <input_file_ref idref="fl-2c"/>
      </object_component>
      <object_component id="oc-63b">
         <name>.text:EUSCI_A_SPI_receiveData</name>
         <load_address>0x1bb36</load_address>
         <run_address>0x1bb36</run_address>
         <size>0x6</size>
         <input_file_ref idref="fl-33"/>
      </object_component>
      <object_component id="oc-641">
         <name>.text:EUSCI_B_SPI_receiveData</name>
         <load_address>0x1bb3c</load_address>
         <run_address>0x1bb3c</run_address>
         <size>0x6</size>
         <input_file_ref idref="fl-33"/>
      </object_component>
      <object_component id="oc-18a">
         <name>.text:I2C_getEnabledInterruptStatus</name>
         <load_address>0x1bb42</load_address>
         <run_address>0x1bb42</run_address>
         <size>0x6</size>
         <input_file_ref idref="fl-2f"/>
      </object_component>
      <object_component id="oc-17e">
         <name>.text:I2C_getInterruptStatus</name>
         <load_address>0x1bb48</load_address>
         <run_address>0x1bb48</run_address>
         <size>0x6</size>
         <input_file_ref idref="fl-2f"/>
      </object_component>
      <object_component id="oc-19c">
         <name>.text:I2C_masterReceiveMultiByteNext</name>
         <load_address>0x1bb4e</load_address>
         <run_address>0x1bb4e</run_address>
         <size>0x6</size>
         <input_file_ref idref="fl-2f"/>
      </object_component>
      <object_component id="oc-5a4">
         <name>.text:SysCtlDelay</name>
         <load_address>0x1bb54</load_address>
         <run_address>0x1bb54</run_address>
         <size>0x6</size>
         <input_file_ref idref="fl-f"/>
      </object_component>
      <object_component id="oc-5fb">
         <name>.text:CPU_wfi</name>
         <load_address>0x1bb5a</load_address>
         <run_address>0x1bb5a</run_address>
         <size>0x4</size>
         <input_file_ref idref="fl-38"/>
      </object_component>
      <object_component id="oc-634">
         <name>.text:EUSCI_A_SPI_transmitData</name>
         <load_address>0x1bb5e</load_address>
         <run_address>0x1bb5e</run_address>
         <size>0x4</size>
         <input_file_ref idref="fl-33"/>
      </object_component>
      <object_component id="oc-62e">
         <name>.text:EUSCI_B_SPI_transmitData</name>
         <load_address>0x1bb62</load_address>
         <run_address>0x1bb62</run_address>
         <size>0x4</size>
         <input_file_ref idref="fl-33"/>
      </object_component>
      <object_component id="oc-160">
         <name>.text:I2C_setSlaveAddress</name>
         <load_address>0x1bb66</load_address>
         <run_address>0x1bb66</run_address>
         <size>0x4</size>
         <input_file_ref idref="fl-2f"/>
      </object_component>
      <object_component id="oc-a4">
         <name>.text:_system_pre_init</name>
         <load_address>0x1bb6a</load_address>
         <run_address>0x1bb6a</run_address>
         <size>0x4</size>
         <input_file_ref idref="fl-107"/>
      </object_component>
      <object_component id="oc-1ec">
         <name>.text:abort:abort</name>
         <load_address>0x1bb6e</load_address>
         <run_address>0x1bb6e</run_address>
         <size>0x4</size>
         <input_file_ref idref="fl-109"/>
      </object_component>
      <object_component id="oc-629">
         <name>.const:AsciiLib</name>
         <load_address>0x1bb74</load_address>
         <run_address>0x1bb74</run_address>
         <size>0x5f0</size>
         <input_file_ref idref="fl-4"/>
      </object_component>
      <object_component id="oc-88f">
         <name>.const:.string:_ctypes_</name>
         <load_address>0x1c164</load_address>
         <run_address>0x1c164</run_address>
         <size>0x101</size>
         <input_file_ref idref="fl-10e"/>
      </object_component>
      <object_component id="oc-595">
         <name>.const:.string:INVALID_OFFSET</name>
         <load_address>0x1c265</load_address>
         <run_address>0x1c265</run_address>
         <size>0x3</size>
         <input_file_ref idref="fl-d"/>
      </object_component>
      <object_component id="oc-6d5">
         <name>.const:$P$T0$1</name>
         <load_address>0x1c268</load_address>
         <run_address>0x1c268</run_address>
         <size>0xb0</size>
         <input_file_ref idref="fl-1e"/>
      </object_component>
      <object_component id="oc-2a3">
         <name>.const:g_pulRegs</name>
         <load_address>0x1c318</load_address>
         <run_address>0x1c318</run_address>
         <size>0x50</size>
         <input_file_ref idref="fl-30"/>
      </object_component>
      <object_component id="oc-299">
         <name>.const</name>
         <load_address>0x1c368</load_address>
         <run_address>0x1c368</run_address>
         <size>0x40</size>
         <input_file_ref idref="fl-30"/>
      </object_component>
      <object_component id="oc-805">
         <name>.const:_SlActionLookupTable</name>
         <load_address>0x1c3a8</load_address>
         <run_address>0x1c3a8</run_address>
         <size>0x38</size>
         <input_file_ref idref="fl-16"/>
      </object_component>
      <object_component id="oc-502">
         <name>.const:$P$T0$1</name>
         <load_address>0x1c3e0</load_address>
         <run_address>0x1c3e0</run_address>
         <size>0x2c</size>
         <input_file_ref idref="fl-14"/>
      </object_component>
      <object_component id="oc-418">
         <name>.const:backChannelUart115200Config</name>
         <load_address>0x1c40c</load_address>
         <run_address>0x1c40c</run_address>
         <size>0x24</size>
         <input_file_ref idref="fl-6"/>
      </object_component>
      <object_component id="oc-335">
         <name>.const:$P$T0$1</name>
         <load_address>0x1c430</load_address>
         <run_address>0x1c430</run_address>
         <size>0x1c</size>
         <input_file_ref idref="fl-9"/>
      </object_component>
      <object_component id="oc-505">
         <name>.const:$P$T1$2</name>
         <load_address>0x1c44c</load_address>
         <run_address>0x1c44c</run_address>
         <size>0x14</size>
         <input_file_ref idref="fl-14"/>
      </object_component>
      <object_component id="oc-508">
         <name>.const:$P$T2$3</name>
         <load_address>0x1c460</load_address>
         <run_address>0x1c460</run_address>
         <size>0xc</size>
         <input_file_ref idref="fl-14"/>
      </object_component>
      <object_component id="oc-598">
         <name>.const:yas532_version_ac_coef</name>
         <load_address>0x1c46c</load_address>
         <run_address>0x1c46c</run_address>
         <size>0xc</size>
         <input_file_ref idref="fl-d"/>
      </object_component>
      <object_component id="oc-7ff">
         <name>.const:g_H2NCnysPattern</name>
         <load_address>0x1c478</load_address>
         <run_address>0x1c478</run_address>
         <size>0x8</size>
         <input_file_ref idref="fl-16"/>
      </object_component>
      <object_component id="oc-7fc">
         <name>.const:g_H2NSyncPattern</name>
         <load_address>0x1c480</load_address>
         <run_address>0x1c480</run_address>
         <size>0x8</size>
         <input_file_ref idref="fl-16"/>
      </object_component>
      <object_component id="oc-59c">
         <name>.const:v_calib_data$2</name>
         <load_address>0x1c488</load_address>
         <run_address>0x1c488</run_address>
         <size>0x8</size>
         <input_file_ref idref="fl-d"/>
      </object_component>
      <object_component id="oc-3f6">
         <name>.const:.string:$P$T0$1</name>
         <load_address>0x1c490</load_address>
         <run_address>0x1c490</run_address>
         <size>0x5</size>
         <input_file_ref idref="fl-c"/>
      </object_component>
      <object_component id="oc-59b">
         <name>.const:.string:v_correct_u8$1</name>
         <load_address>0x1c495</load_address>
         <run_address>0x1c495</run_address>
         <size>0x5</size>
         <input_file_ref idref="fl-d"/>
      </object_component>
      <object_component id="oc-802">
         <name>.const:$P$T0$1</name>
         <load_address>0x1c49a</load_address>
         <run_address>0x1c49a</run_address>
         <size>0x4</size>
         <input_file_ref idref="fl-16"/>
      </object_component>
      <object_component id="oc-72b">
         <name>.const:$P$T0$1</name>
         <load_address>0x1c49e</load_address>
         <run_address>0x1c49e</run_address>
         <size>0x4</size>
         <input_file_ref idref="fl-19"/>
      </object_component>
      <object_component id="oc-674">
         <name>.const:$P$T0$1</name>
         <load_address>0x1c4a2</load_address>
         <run_address>0x1c4a2</run_address>
         <size>0x4</size>
         <input_file_ref idref="fl-1c"/>
      </object_component>
      <object_component id="oc-677">
         <name>.const:$P$T1$2</name>
         <load_address>0x1c4a6</load_address>
         <run_address>0x1c4a6</run_address>
         <size>0x4</size>
         <input_file_ref idref="fl-1c"/>
      </object_component>
      <object_component id="oc-6d8">
         <name>.const:$P$T1$2</name>
         <load_address>0x1c4aa</load_address>
         <run_address>0x1c4aa</run_address>
         <size>0x4</size>
         <input_file_ref idref="fl-1e"/>
      </object_component>
      <object_component id="oc-67d">
         <name>.const:$P$T2$3</name>
         <load_address>0x1c4ae</load_address>
         <run_address>0x1c4ae</run_address>
         <size>0x4</size>
         <input_file_ref idref="fl-1c"/>
      </object_component>
      <object_component id="oc-6e1">
         <name>.const:$P$T2$3</name>
         <load_address>0x1c4b2</load_address>
         <run_address>0x1c4b2</run_address>
         <size>0x4</size>
         <input_file_ref idref="fl-1e"/>
      </object_component>
      <object_component id="oc-6f6">
         <name>.const:$P$T3$4</name>
         <load_address>0x1c4b6</load_address>
         <run_address>0x1c4b6</run_address>
         <size>0x4</size>
         <input_file_ref idref="fl-1e"/>
      </object_component>
      <object_component id="oc-689">
         <name>.const:_SlAcceptCmdCtrl</name>
         <load_address>0x1c4ba</load_address>
         <run_address>0x1c4ba</run_address>
         <size>0x4</size>
         <input_file_ref idref="fl-1c"/>
      </object_component>
      <object_component id="oc-6bf">
         <name>.const:_SlDeviceGetCmdCtrl</name>
         <load_address>0x1c4be</load_address>
         <run_address>0x1c4be</run_address>
         <size>0x4</size>
         <input_file_ref idref="fl-15"/>
      </object_component>
      <object_component id="oc-6c2">
         <name>.const:_SlDeviceSetCmdCtrl</name>
         <load_address>0x1c4c2</load_address>
         <run_address>0x1c4c2</run_address>
         <size>0x4</size>
         <input_file_ref idref="fl-15"/>
      </object_component>
      <object_component id="oc-6bc">
         <name>.const:_SlEventMaskGetCmdCtrl</name>
         <load_address>0x1c4c6</load_address>
         <run_address>0x1c4c6</run_address>
         <size>0x4</size>
         <input_file_ref idref="fl-15"/>
      </object_component>
      <object_component id="oc-6b9">
         <name>.const:_SlEventMaskSetCmdCtrl</name>
         <load_address>0x1c4ca</load_address>
         <run_address>0x1c4ca</run_address>
         <size>0x4</size>
         <input_file_ref idref="fl-15"/>
      </object_component>
      <object_component id="oc-728">
         <name>.const:_SlGetHostByNameCtrl</name>
         <load_address>0x1c4ce</load_address>
         <run_address>0x1c4ce</run_address>
         <size>0x4</size>
         <input_file_ref idref="fl-19"/>
      </object_component>
      <object_component id="oc-725">
         <name>.const:_SlGetHostByServiceCtrl</name>
         <load_address>0x1c4d2</load_address>
         <run_address>0x1c4d2</run_address>
         <size>0x4</size>
         <input_file_ref idref="fl-19"/>
      </object_component>
      <object_component id="oc-71f">
         <name>.const:_SlGetServiceListeCtrl</name>
         <load_address>0x1c4d6</load_address>
         <run_address>0x1c4d6</run_address>
         <size>0x4</size>
         <input_file_ref idref="fl-19"/>
      </object_component>
      <object_component id="oc-692">
         <name>.const:_SlGetSockOptCmdCtrl</name>
         <load_address>0x1c4da</load_address>
         <run_address>0x1c4da</run_address>
         <size>0x4</size>
         <input_file_ref idref="fl-1c"/>
      </object_component>
      <object_component id="oc-686">
         <name>.const:_SlListenCmdCtrl</name>
         <load_address>0x1c4de</load_address>
         <run_address>0x1c4de</run_address>
         <size>0x4</size>
         <input_file_ref idref="fl-1c"/>
      </object_component>
      <object_component id="oc-734">
         <name>.const:_SlNetAppGetCmdCtrl</name>
         <load_address>0x1c4e2</load_address>
         <run_address>0x1c4e2</run_address>
         <size>0x4</size>
         <input_file_ref idref="fl-19"/>
      </object_component>
      <object_component id="oc-731">
         <name>.const:_SlNetAppSendTokenValueCmdCtrl</name>
         <load_address>0x1c4e6</load_address>
         <run_address>0x1c4e6</run_address>
         <size>0x4</size>
         <input_file_ref idref="fl-19"/>
      </object_component>
      <object_component id="oc-72e">
         <name>.const:_SlNetAppSetCmdCtrl</name>
         <load_address>0x1c4ea</load_address>
         <run_address>0x1c4ea</run_address>
         <size>0x4</size>
         <input_file_ref idref="fl-19"/>
      </object_component>
      <object_component id="oc-719">
         <name>.const:_SlNetAppStartCtrl</name>
         <load_address>0x1c4ee</load_address>
         <run_address>0x1c4ee</run_address>
         <size>0x4</size>
         <input_file_ref idref="fl-19"/>
      </object_component>
      <object_component id="oc-71c">
         <name>.const:_SlNetAppStopCtrl</name>
         <load_address>0x1c4f2</load_address>
         <run_address>0x1c4f2</run_address>
         <size>0x4</size>
         <input_file_ref idref="fl-19"/>
      </object_component>
      <object_component id="oc-70f">
         <name>.const:_SlNetCfgGetCmdCtrl</name>
         <load_address>0x1c4f6</load_address>
         <run_address>0x1c4f6</run_address>
         <size>0x4</size>
         <input_file_ref idref="fl-1a"/>
      </object_component>
      <object_component id="oc-70c">
         <name>.const:_SlNetCfgSetCmdCtrl</name>
         <load_address>0x1c4fa</load_address>
         <run_address>0x1c4fa</run_address>
         <size>0x4</size>
         <input_file_ref idref="fl-1a"/>
      </object_component>
      <object_component id="oc-6de">
         <name>.const:_SlPolicyGetCmdCtrl</name>
         <load_address>0x1c4fe</load_address>
         <run_address>0x1c4fe</run_address>
         <size>0x4</size>
         <input_file_ref idref="fl-1e"/>
      </object_component>
      <object_component id="oc-6db">
         <name>.const:_SlPolicySetCmdCtrl</name>
         <load_address>0x1c502</load_address>
         <run_address>0x1c502</run_address>
         <size>0x4</size>
         <input_file_ref idref="fl-1e"/>
      </object_component>
      <object_component id="oc-6e7">
         <name>.const:_SlProfileDelCmdCtrl</name>
         <load_address>0x1c506</load_address>
         <run_address>0x1c506</run_address>
         <size>0x4</size>
         <input_file_ref idref="fl-1e"/>
      </object_component>
      <object_component id="oc-6e4">
         <name>.const:_SlProfileGetCmdCtrl</name>
         <load_address>0x1c50a</load_address>
         <run_address>0x1c50a</run_address>
         <size>0x4</size>
         <input_file_ref idref="fl-1e"/>
      </object_component>
      <object_component id="oc-68c">
         <name>.const:_SlRecvCmdCtrl</name>
         <load_address>0x1c50e</load_address>
         <run_address>0x1c50e</run_address>
         <size>0x4</size>
         <input_file_ref idref="fl-1c"/>
      </object_component>
      <object_component id="oc-67a">
         <name>.const:_SlRecvfomCmdCtrl</name>
         <load_address>0x1c512</load_address>
         <run_address>0x1c512</run_address>
         <size>0x4</size>
         <input_file_ref idref="fl-1c"/>
      </object_component>
      <object_component id="oc-722">
         <name>.const:_SlRegisterServiceCtrl</name>
         <load_address>0x1c516</load_address>
         <run_address>0x1c516</run_address>
         <size>0x4</size>
         <input_file_ref idref="fl-19"/>
      </object_component>
      <object_component id="oc-6ed">
         <name>.const:_SlRxFilterAddtCmdCtrl</name>
         <load_address>0x1c51a</load_address>
         <run_address>0x1c51a</run_address>
         <size>0x4</size>
         <input_file_ref idref="fl-1e"/>
      </object_component>
      <object_component id="oc-6f3">
         <name>.const:_SlRxFilterGetCmdCtrl</name>
         <load_address>0x1c51e</load_address>
         <run_address>0x1c51e</run_address>
         <size>0x4</size>
         <input_file_ref idref="fl-1e"/>
      </object_component>
      <object_component id="oc-6f0">
         <name>.const:_SlRxFilterSetCmdCtrl</name>
         <load_address>0x1c522</load_address>
         <run_address>0x1c522</run_address>
         <size>0x4</size>
         <input_file_ref idref="fl-1e"/>
      </object_component>
      <object_component id="oc-695">
         <name>.const:_SlSelectCmdCtrl</name>
         <load_address>0x1c526</load_address>
         <run_address>0x1c526</run_address>
         <size>0x4</size>
         <input_file_ref idref="fl-1c"/>
      </object_component>
      <object_component id="oc-683">
         <name>.const:_SlSendCmdCtrl</name>
         <load_address>0x1c52a</load_address>
         <run_address>0x1c52a</run_address>
         <size>0x4</size>
         <input_file_ref idref="fl-1c"/>
      </object_component>
      <object_component id="oc-68f">
         <name>.const:_SlSetSockOptCmdCtrl</name>
[...]
      <symbol id="sm-1b08">
         <name>EUSCI_A_SPI_receiveData</name>
         <value>0x1bb37</value>
         <object_component_ref idref="oc-63b"/>
      </symbol>
      <symbol id="sm-1b09">
         <name>EUSCI_A_SPI_transmitData</name>
         <value>0x1bb5f</value>
         <object_component_ref idref="oc-634"/>
      </symbol>
      <symbol id="sm-1b0a">
         <name>EUSCI_B_SPI_transmitData</name>
         <value>0x1bb63</value>
         <object_component_ref idref="oc-62e"/>
      </symbol>
      <symbol id="sm-1b0b">
         <name>SPI_transmitData</name>
         <value>0x1b829</value>
         <object_component_ref idref="oc-4b3"/>
      </symbol>
      <symbol id="sm-1b0c">
         <name>EUSCI_A_SPI_enable</name>
         <value>0x1ba8d</value>
         <object_component_ref idref="oc-490"/>
      </symbol>
      <symbol id="sm-1b0d">
         <name>EUSCI_B_SPI_enableInterrupt</name>
         <value>0x1baff</value>
         <object_component_ref idref="oc-497"/>
      </symbol>
      <symbol id="sm-1b0e">
         <name>SPI_receiveData</name>
         <value>0x1b89b</value>
         <object_component_ref idref="oc-4b9"/>
      </symbol>
      <symbol id="sm-1b0f">
         <name>SPI_initMaster</name>
         <value>0x1a6f5</value>
         <object_component_ref idref="oc-2f9"/>
      </symbol>
      <symbol id="sm-1b10">
         <name>SPI_enableInterrupt</name>
         <value>0x1b809</value>
         <object_component_ref idref="oc-305"/>
      </symbol>
      <symbol id="sm-1b43">
         <name>SysCtl_getNMISourceStatus</name>
         <value>0x1bac9</value>
         <object_component_ref idref="oc-55d"/>
      </symbol>
      <symbol id="sm-1b44">
         <name>SysCtl_enableNMISource</name>
         <value>0x1ba1d</value>
         <object_component_ref idref="oc-56f"/>
      </symbol>
      <symbol id="sm-1b45">
         <name>SysCtl_disableNMISource</name>
         <value>0x1ba0d</value>
         <object_component_ref idref="oc-563"/>
      </symbol>
      <symbol id="sm-1b46">
         <name>SysCtl_getTLVInfo</name>
         <value>0x1af69</value>
         <object_component_ref idref="oc-615"/>
      </symbol>
      <symbol id="sm-1b52">
         <name>SysTick_enableInterrupt</name>
         <value>0x1b9a1</value>
         <object_component_ref idref="oc-cd"/>
      </symbol>
      <symbol id="sm-1b81">
         <name>UART_enableModule</name>
         <value>0x1bad5</value>
         <object_component_ref idref="oc-40c"/>
      </symbol>
      <symbol id="sm-1b82">
         <name>UART_transmitData</name>
         <value>0x1b781</value>
         <object_component_ref idref="oc-3fa"/>
      </symbol>
      <symbol id="sm-1b83">
         <name>UART_initModule</name>
         <value>0x1a661</value>
         <object_component_ref idref="oc-406"/>
      </symbol>
      <symbol id="sm-1b99">
         <name>WDT_A_clearTimer</name>
         <value>0x1b901</value>
         <object_component_ref idref="oc-253"/>
      </symbol>
      <symbol id="sm-1b9a">
         <name>WDT_A_holdTimer</name>
         <value>0x1b919</value>
         <object_component_ref idref="oc-259"/>
      </symbol>
      <symbol id="sm-1bac">
         <name>CPU_wfi</name>
         <value>0x1bb5b</value>
         <object_component_ref idref="oc-5fb"/>
      </symbol>
      <symbol id="sm-1bad">
         <name>CPU_cpsie</name>
         <value>0x1ba81</value>
         <object_component_ref idref="oc-2a7"/>
      </symbol>
      <symbol id="sm-1bdc">
         <name>snprintf</name>
         <value>0x1b09d</value>
         <object_component_ref idref="oc-412"/>
      </symbol>
      <symbol id="sm-1bea">
         <name>__aeabi_ldivmod</name>
         <value>0x1ab63</value>
         <object_component_ref idref="oc-5b0"/>
      </symbol>
      <symbol id="sm-1bf7">
         <name>__aeabi_uldivmod</name>
         <value>0x1a5c9</value>
         <object_component_ref idref="oc-780"/>
      </symbol>
      <symbol id="sm-1c00">
         <name>__aeabi_lmul</name>
         <value>0x1b949</value>
         <object_component_ref idref="oc-5ab"/>
      </symbol>
      <symbol id="sm-1c1b">
         <name>memcpy</name>
         <value>0x1a495</value>
         <object_component_ref idref="oc-37"/>
      </symbol>
      <symbol id="sm-1c1c">
         <name>__aeabi_memcpy</name>
         <value>0x1a495</value>
         <object_component_ref idref="oc-37"/>
      </symbol>
      <symbol id="sm-1c1d">
         <name>__aeabi_memcpy8</name>
         <value>0x1a495</value>
         <object_component_ref idref="oc-37"/>
      </symbol>
      <symbol id="sm-1c1e">
         <name>__aeabi_memcpy4</name>
         <value>0x1a495</value>
         <object_component_ref idref="oc-37"/>
      </symbol>
      <symbol id="sm-1c2d">
         <name>__aeabi_memset</name>
         <value>0x1aa0b</value>
         <object_component_ref idref="oc-9e"/>
      </symbol>
      <symbol id="sm-1c2e">
         <name>memset</name>
         <value>0x1aa11</value>
         <object_component_ref idref="oc-9e"/>
      </symbol>
      <symbol id="sm-1c2f">
         <name>__aeabi_memset8</name>
         <value>0x1aa0b</value>
         <object_component_ref idref="oc-9e"/>
      </symbol>
      <symbol id="sm-1c30">
         <name>__aeabi_memset4</name>
         <value>0x1aa0b</value>
         <object_component_ref idref="oc-9e"/>
      </symbol>
      <symbol id="sm-1c31">
         <name>__aeabi_memclr8</name>
         <value>0x1aa09</value>
         <object_component_ref idref="oc-9e"/>
      </symbol>
      <symbol id="sm-1c32">
         <name>__aeabi_memclr4</name>
         <value>0x1aa09</value>
         <object_component_ref idref="oc-9e"/>
      </symbol>
      <symbol id="sm-1c33">
         <name>__aeabi_memclr</name>
         <value>0x1aa09</value>
         <object_component_ref idref="oc-9e"/>
      </symbol>
      <symbol id="sm-1c45">
         <name>__TI_zero_init</name>
         <value>0x1bae1</value>
         <object_component_ref idref="oc-49"/>
      </symbol>
      <symbol id="sm-1c5c">
         <name>__TI_decompress_none</name>
         <value>0x1ba65</value>
         <object_component_ref idref="oc-1d"/>
      </symbol>
      <symbol id="sm-1c7f">
         <name>__TI_decompress_lzss</name>
         <value>0x1abd1</value>
         <object_component_ref idref="oc-17"/>
      </symbol>
      <symbol id="sm-1ca4">
         <name>rand</name>
         <value>0x1b50d</value>
         <object_component_ref idref="oc-383"/>
      </symbol>
      <symbol id="sm-1ca5">
         <name>srand</name>
         <value>0x1b7a5</value>
         <object_component_ref idref="oc-377"/>
      </symbol>
      <symbol id="sm-1cb3">
         <name>strlen</name>
         <value>0x1b9b5</value>
         <object_component_ref idref="oc-4fc"/>
      </symbol>
      <symbol id="sm-1cc6">
         <name>__stack</name>
         <value>0x2000fe00</value>
         <object_component_ref idref="oc-29"/>
      </symbol>
      <symbol id="sm-1cc7">
         <name>_c_int00_noargs</name>
         <value>0x1b4d9</value>
         <object_component_ref idref="oc-55"/>
      </symbol>
      <symbol id="sm-1cdf">
         <name>__time32</name>
         <value>0x1ba57</value>
         <object_component_ref idref="oc-371"/>
      </symbol>
      <symbol id="sm-1ce0">
         <name>time</name>
         <value>0x1ba57</value>
         <object_component_ref idref="oc-371"/>
      </symbol>
      <symbol id="sm-1e45">
         <name>__TI_printfi</name>
         <value>0x1537d</value>
         <object_component_ref idref="oc-5c0"/>
      </symbol>
      <symbol id="sm-1e65">
         <name>frexpl</name>
         <value>0x1ad01</value>
         <object_component_ref idref="oc-8d5"/>
      </symbol>
      <symbol id="sm-1e66">
         <name>frexp</name>
         <value>0x1ad01</value>
         <object_component_ref idref="oc-8d5"/>
      </symbol>
      <symbol id="sm-1e83">
         <name>scalbn</name>
         <value>0x19b89</value>
         <object_component_ref idref="oc-8db"/>
      </symbol>
      <symbol id="sm-1e84">
         <name>scalbnl</name>
         <value>0x19b89</value>
         <object_component_ref idref="oc-8db"/>
      </symbol>
      <symbol id="sm-1e85">
         <name>ldexpl</name>
         <value>0x19b89</value>
         <object_component_ref idref="oc-8db"/>
      </symbol>
      <symbol id="sm-1e86">
         <name>ldexp</name>
         <value>0x19b89</value>
         <object_component_ref idref="oc-8db"/>
      </symbol>
      <symbol id="sm-1e9f">
         <name>wcslen</name>
         <value>0x1b9c9</value>
         <object_component_ref idref="oc-7be"/>
      </symbol>
      <symbol id="sm-1ea9">
         <name>__aeabi_idiv0</name>
         <value>0x192e3</value>
         <object_component_ref idref="oc-77b"/>
      </symbol>
      <symbol id="sm-1eaa">
         <name>__aeabi_ldiv0</name>
         <value>0x192e3</value>
         <object_component_ref idref="oc-77b"/>
      </symbol>
      <symbol id="sm-1ec1">
         <name>__aeabi_dsub</name>
         <value>0x18f8d</value>
         <object_component_ref idref="oc-8b5"/>
      </symbol>
      <symbol id="sm-1ec2">
         <name>__aeabi_dadd</name>
         <value>0x18f97</value>
         <object_component_ref idref="oc-8b5"/>
      </symbol>
      <symbol id="sm-1ee4">
         <name>__aeabi_cdcmpeq</name>
         <value>0x1a77d</value>
         <object_component_ref idref="oc-79b"/>
      </symbol>
      <symbol id="sm-1ee5">
         <name>__aeabi_cdcmple</name>
         <value>0x1a77d</value>
         <object_component_ref idref="oc-79b"/>
      </symbol>
      <symbol id="sm-1ee6">
         <name>__aeabi_cdrcmple</name>
         <value>0x1a803</value>
         <object_component_ref idref="oc-8a0"/>
      </symbol>
      <symbol id="sm-1efa">
         <name>__aeabi_ddiv</name>
         <value>0x196ed</value>
         <object_component_ref idref="oc-89b"/>
      </symbol>
      <symbol id="sm-1f05">
         <name>__aeabi_dmul</name>
         <value>0x19e9b</value>
         <object_component_ref idref="oc-896"/>
      </symbol>
      <symbol id="sm-1f0f">
         <name>__aeabi_d2iz</name>
         <value>0x1b209</value>
         <object_component_ref idref="oc-8a5"/>
      </symbol>
      <symbol id="sm-1f19">
         <name>__aeabi_i2d</name>
         <value>0x1b5d1</value>
         <object_component_ref idref="oc-8b0"/>
      </symbol>
      <symbol id="sm-1f41">
         <name>__TI_auto_init_nobinit_nopinit</name>
         <value>0x1b295</value>
         <object_component_ref idref="oc-1f8"/>
      </symbol>
      <symbol id="sm-1f4b">
         <name>_system_pre_init</name>
         <value>0x1bb6b</value>
         <object_component_ref idref="oc-a4"/>
      </symbol>
      <symbol id="sm-1f57">
         <name>C$$EXIT</name>
         <value>0x1bb6f</value>
         <object_component_ref idref="oc-1ec"/>
      </symbol>
      <symbol id="sm-1f58">
         <name>abort</name>
         <value>0x1bb6f</value>
         <object_component_ref idref="oc-1ec"/>
      </symbol>
      <symbol id="sm-1f6d">
         <name>_nop</name>
         <value>0x15dcb</value>
         <object_component_ref idref="oc-529"/>
      </symbol>
      <symbol id="sm-1f6e">
         <name>_lock</name>
         <value>0x2000d088</value>
         <object_component_ref idref="oc-393"/>
      </symbol>
      <symbol id="sm-1f6f">
         <name>_unlock</name>
         <value>0x2000d08c</value>
         <object_component_ref idref="oc-393"/>
      </symbol>
      <symbol id="sm-1f7e">
         <name>__TI_ltoa</name>
         <value>0x1ae73</value>
         <object_component_ref idref="oc-8aa"/>
      </symbol>
      <symbol id="sm-1f95">
         <name>atoi</name>
         <value>0x1b051</value>
         <object_component_ref idref="oc-78f"/>
      </symbol>
      <symbol id="sm-1fa0">
         <name>_ctypes_</name>
         <value>0x1c164</value>
         <object_component_ref idref="oc-88f"/>
      </symbol>
      <symbol id="sm-1fb0">
         <name>memccpy</name>
         <value>0x1b865</value>
         <object_component_ref idref="oc-7b8"/>
      </symbol>
      <symbol id="sm-1fc0">
         <name>strchr</name>
         <value>0x1b961</value>
         <object_component_ref idref="oc-8e1"/>
      </symbol>
      <symbol id="sm-1fd6">
         <name>__aeabi_errno_addr</name>
         <value>0x1bb29</value>
         <object_component_ref idref="oc-7c4"/>
      </symbol>
      <symbol id="sm-1fd7">
         <name>errno</name>
         <value>0x2000d0a4</value>
         <object_component_ref idref="oc-8f1"/>
      </symbol>
      <symbol id="sm-1fef">
         <name>HOSTtime</name>
         <value>0x1b131</value>
         <object_component_ref idref="oc-4c3"/>
      </symbol>
      <symbol id="sm-2013">
         <name>__TI_readmsg</name>
         <value>0x1b4a5</value>
         <object_component_ref idref="oc-64e"/>
      </symbol>
      <symbol id="sm-2014">
         <name>C$$IO$$</name>
         <value>0x1b433</value>
         <object_component_ref idref="oc-648"/>
      </symbol>
      <symbol id="sm-2015">
         <name>__CIOBUF_</name>
         <value>0x2000c79c</value>
         <object_component_ref idref="oc-7e6"/>
      </symbol>
      <symbol id="sm-2016">
         <name>__TI_writemsg</name>
         <value>0x1b405</value>
         <object_component_ref idref="oc-648"/>
      </symbol>
      <symbol id="sm-2020">
         <name>copysign</name>
         <value>0x1b8b5</value>
         <object_component_ref idref="oc-92b"/>
      </symbol>
      <symbol id="sm-2021">
         <name>copysignl</name>
         <value>0x1b8b5</value>
         <object_component_ref idref="oc-92b"/>
      </symbol>
      <symbol id="sm-2027">
         <name>parmbuf</name>
         <value>0x2000cbcc</value>
      </symbol>
      <symbol id="sm-2028">
         <name>__TI_static_base__</name>
         <value>0x0</value>
      </symbol>
      <symbol id="sm-202b">
         <name>__mpu_init</name>
         <value>0x0</value>
      </symbol>
      <symbol id="sm-202c">
         <name>_system_post_cinit</name>
         <value>0x0</value>
      </symbol>
      <symbol id="sm-202d">
         <name>NMI_Handler</name>
         <value>0x1ba7f</value>
      </symbol>
      <symbol id="sm-202e">
         <name>HardFault_Handler</name>
         <value>0x1ba7f</value>
      </symbol>
      <symbol id="sm-202f">
         <name>MemManage_Handler</name>
         <value>0x1ba7f</value>
      </symbol>
      <symbol id="sm-2030">
         <name>BusFault_Handler</name>
         <value>0x1ba7f</value>
      </symbol>
      <symbol id="sm-2031">
         <name>UsageFault_Handler</name>
         <value>0x1ba7f</value>
      </symbol>
      <symbol id="sm-2032">
         <name>SVC_Handler</name>
         <value>0x1ba7f</value>
      </symbol>
      <symbol id="sm-2033">
         <name>DebugMon_Handler</name>
         <value>0x1ba7f</value>
      </symbol>
      <symbol id="sm-2034">
         <name>PendSV_Handler</name>
         <value>0x1adf3</value>
      </symbol>
      <symbol id="sm-2035">
         <name>SysTick_Handler</name>
         <value>0x15f13</value>
      </symbol>
      <symbol id="sm-2036">
         <name>PSS_IRQHandler</name>
         <value>0x1ba7f</value>
      </symbol>
      <symbol id="sm-2037">
         <name>CS_IRQHandler</name>
         <value>0x1ba7f</value>
      </symbol>
      <symbol id="sm-2038">
         <name>PCM_IRQHandler</name>
         <value>0x1ba7f</value>
      </symbol>
      <symbol id="sm-2039">
         <name>WDT_A_IRQHandler</name>
         <value>0x1ba7f</value>
      </symbol>
      <symbol id="sm-203a">
         <name>FPU_IRQHandler</name>
         <value>0x1ba7f</value>
      </symbol>
      <symbol id="sm-203b">
         <name>FLCTL_IRQHandler</name>
         <value>0x1ba7f</value>
      </symbol>
      <symbol id="sm-203c">
         <name>COMP_E0_IRQHandler</name>
         <value>0x1ba7f</value>
      </symbol>
      <symbol id="sm-203d">
         <name>COMP_E1_IRQHandler</name>
         <value>0x1ba7f</value>
      </symbol>
      <symbol id="sm-203e">
         <name>TA0_0_IRQHandler</name>
         <value>0x1ba7f</value>
      </symbol>
      <symbol id="sm-203f">
         <name>TA0_N_IRQHandler</name>
         <value>0x1ba7f</value>
      </symbol>
      <symbol id="sm-2040">
         <name>TA1_0_IRQHandler</name>
         <value>0x1ba7f</value>
      </symbol>
      <symbol id="sm-2041">
         <name>TA1_N_IRQHandler</name>
         <value>0x1ba7f</value>
      </symbol>
      <symbol id="sm-2042">
         <name>TA2_0_IRQHandler</name>
         <value>0x1ba7f</value>
      </symbol>
      <symbol id="sm-2043">
         <name>TA2_N_IRQHandler</name>
         <value>0x1ba7f</value>
      </symbol>
      <symbol id="sm-2044">
         <name>TA3_0_IRQHandler</name>
         <value>0x1ba7f</value>
      </symbol>
      <symbol id="sm-2045">
         <name>TA3_N_IRQHandler</name>
         <value>0x1ba7f</value>
      </symbol>
      <symbol id="sm-2046">
         <name>EUSCIA0_IRQHandler</name>
         <value>0x17dad</value>
      </symbol>
      <symbol id="sm-2047">
         <name>EUSCIA1_IRQHandler</name>
         <value>0x1ba7f</value>
      </symbol>
      <symbol id="sm-2048">
         <name>EUSCIA2_IRQHandler</name>
         <value>0x1ba7f</value>
      </symbol>
      <symbol id="sm-2049">
         <name>EUSCIA3_IRQHandler</name>
         <value>0x1ba7f</value>
      </symbol>
      <symbol id="sm-204a">
         <name>EUSCIB0_IRQHandler</name>
         <value>0x1ba7f</value>
      </symbol>
      <symbol id="sm-204b">
         <name>EUSCIB1_IRQHandler</name>
         <value>0x179e5</value>
      </symbol>
      <symbol id="sm-204c">
         <name>EUSCIB2_IRQHandler</name>
         <value>0x1ba7f</value>
      </symbol>
      <symbol id="sm-204d">
         <name>EUSCIB3_IRQHandler</name>
         <value>0x1ba7f</value>
      </symbol>
      <symbol id="sm-204e">
         <name>ADC14_IRQHandler</name>
         <value>0x1ba7f</value>
      </symbol>
      <symbol id="sm-204f">
         <name>T32_INT1_IRQHandler</name>
         <value>0x1ba7f</value>
      </symbol>
      <symbol id="sm-2050">
         <name>T32_INT2_IRQHandler</name>
         <value>0x1ba7f</value>
      </symbol>
      <symbol id="sm-2051">
         <name>T32_INTC_IRQHandler</name>
         <value>0x1ba7f</value>
      </symbol>
      <symbol id="sm-2052">
         <name>AES256_IRQHandler</name>
         <value>0x1ba7f</value>
      </symbol>
      <symbol id="sm-2053">
         <name>RTC_C_IRQHandler</name>
         <value>0x1ba7f</value>
      </symbol>
      <symbol id="sm-2054">
         <name>DMA_ERR_IRQHandler</name>
         <value>0x1ba7f</value>
      </symbol>
      <symbol id="sm-2055">
         <name>DMA_INT3_IRQHandler</name>
         <value>0x1ba7f</value>
      </symbol>
      <symbol id="sm-2056">
         <name>DMA_INT2_IRQHandler</name>
         <value>0x1ba7f</value>
      </symbol>
      <symbol id="sm-2057">
         <name>DMA_INT1_IRQHandler</name>
         <value>0x1ba7f</value>
      </symbol>
      <symbol id="sm-2058">
         <name>DMA_INT0_IRQHandler</name>
         <value>0x1ba7f</value>
      </symbol>
      <symbol id="sm-2059">
         <name>PORT1_IRQHandler</name>
         <value>0x17d5d</value>
      </symbol>
      <symbol id="sm-205a">
         <name>PORT2_IRQHandler</name>
         <value>0x17d87</value>
      </symbol>
      <symbol id="sm-205b">
         <name>PORT3_IRQHandler</name>
         <value>0x1ba7f</value>
      </symbol>
      <symbol id="sm-205c">
         <name>PORT4_IRQHandler</name>
         <value>0x1ba7f</value>
      </symbol>
      <symbol id="sm-205d">
         <name>PORT5_IRQHandler</name>
         <value>0x1ba7f</value>
      </symbol>
      <symbol id="sm-205e">
         <name>PORT6_IRQHandler</name>
         <value>0x1ba7f</value>
      </symbol>
   </symbol_table>
   <title>Link successful</title>
</link_info>
